2025-12-18 10:24:28,560 - env - INFO - Setting up the new player Alice
2025-12-18 10:24:28,560 - env - INFO - Setting up the new player Bob
2025-12-18 10:24:29,745 - env - INFO - Handling intent 'Pass' for decision event 'Mainphase' from Alice
2025-12-18 10:24:29,963 - env - INFO - Handling intent 'Pass' for decision event 'Combat' from Alice
2025-12-18 10:24:29,973 - env - INFO - Bob will draw a card for turn
2025-12-18 10:24:30,220 - env - INFO - Handling intent 'Pass' for decision event 'Mainphase' from Bob
2025-12-18 10:24:30,237 - env - INFO - Handling intent 'Pass' for decision event 'Combat' from Bob
2025-12-18 10:24:30,237 - env - INFO - Alice will draw a card for turn
2025-12-18 10:24:30,255 - env - INFO - Handling intent 'Pass' for decision event 'Mainphase' from Alice
2025-12-18 10:24:30,273 - env - INFO - Handling intent 'Pass' for decision event 'Combat' from Alice
2025-12-18 10:24:30,273 - env - INFO - Bob will draw a card for turn
2025-12-18 10:24:30,289 - env - INFO - Handling intent 'Pass' for decision event 'Mainphase' from Bob
2025-12-18 10:24:30,306 - env - INFO - Handling intent 'Attack with All' for decision event 'Combat' from Bob
2025-12-18 10:24:30,306 - env - WARNING - Bob is attacking!
2025-12-18 10:24:30,306 - env - INFO - Alice will draw a card for turn
2025-12-18 10:24:30,320 - env - INFO - Handling intent 'Pass' for decision event 'Mainphase' from Alice
2025-12-18 10:24:30,335 - env - INFO - Handling intent 'Pass' for decision event 'Combat' from Alice
2025-12-18 10:24:30,335 - env - INFO - Bob will draw a card for turn
2025-12-18 10:24:30,350 - env - INFO - Handling intent 'Pass' for decision event 'Mainphase' from Bob
2025-12-18 10:24:30,364 - env - INFO - Handling intent 'Pass' for decision event 'Combat' from Bob
2025-12-18 10:24:30,365 - env - INFO - Alice will draw a card for turn
2025-12-18 10:24:30,381 - env - INFO - Handling intent 'Pass' for decision event 'Mainphase' from Alice
2025-12-18 10:24:30,396 - env - INFO - Handling intent 'Pass' for decision event 'Combat' from Alice
2025-12-18 10:24:30,396 - env - INFO - Bob will draw a card for turn
2025-12-18 10:24:30,412 - env - INFO - Handling intent 'Play Creature' for decision event 'Mainphase' from Bob
2025-12-18 10:24:30,427 - env - INFO - Handling intent 'Attack with All' for decision event 'Combat' from Bob
2025-12-18 10:24:30,427 - env - WARNING - Bob is attacking!
2025-12-18 10:24:30,427 - env - INFO - Alice will draw a card for turn
2025-12-18 10:24:30,442 - env - INFO - Handling intent 'Pass' for decision event 'Mainphase' from Alice
2025-12-18 10:24:30,459 - env - INFO - Handling intent 'Pass' for decision event 'Combat' from Alice
2025-12-18 10:24:30,459 - env - INFO - Bob will draw a card for turn
2025-12-18 10:24:30,474 - env - INFO - Handling intent 'Play Creature' for decision event 'Mainphase' from Bob
2025-12-18 10:24:30,492 - env - INFO - Handling intent 'Pass' for decision event 'Combat' from Bob
2025-12-18 10:24:30,492 - env - INFO - Alice will draw a card for turn
2025-12-18 10:24:30,507 - env - INFO - Handling intent 'Pass' for decision event 'Mainphase' from Alice
2025-12-18 10:24:30,521 - env - INFO - Handling intent 'Pass' for decision event 'Combat' from Alice
2025-12-18 10:24:30,521 - env - INFO - Bob will draw a card for turn
2025-12-18 10:24:30,537 - env - INFO - Handling intent 'Play Creature' for decision event 'Mainphase' from Bob
2025-12-18 10:24:30,552 - env - INFO - Handling intent 'Attack with All' for decision event 'Combat' from Bob
2025-12-18 10:24:30,552 - env - WARNING - Bob is attacking!
2025-12-18 10:24:30,552 - env - INFO - Alice will draw a card for turn
2025-12-18 10:24:30,567 - env - INFO - Handling intent 'Pass' for decision event 'Mainphase' from Alice
2025-12-18 10:24:30,581 - env - INFO - Handling intent 'Pass' for decision event 'Combat' from Alice
2025-12-18 10:24:30,581 - env - INFO - Bob will draw a card for turn
2025-12-18 10:24:30,599 - env - INFO - Handling intent 'Pass' for decision event 'Mainphase' from Bob
2025-12-18 10:24:30,617 - env - INFO - Handling intent 'Pass' for decision event 'Combat' from Bob
2025-12-18 10:24:30,617 - env - INFO - Alice will draw a card for turn
2025-12-18 10:24:30,636 - env - INFO - Handling intent 'Pass' for decision event 'Mainphase' from Alice
2025-12-18 10:24:30,653 - env - INFO - Handling intent 'Pass' for decision event 'Combat' from Alice
2025-12-18 10:24:30,654 - env - INFO - Bob will draw a card for turn
2025-12-18 10:24:30,669 - env - INFO - Handling intent 'Play Creature' for decision event 'Mainphase' from Bob
2025-12-18 10:24:30,685 - env - INFO - Handling intent 'Attack with All' for decision event 'Combat' from Bob
2025-12-18 10:24:30,685 - env - WARNING - Bob is attacking!
2025-12-18 10:24:30,685 - env - INFO - Alice will draw a card for turn
2025-12-18 10:24:30,700 - env - INFO - Handling intent 'Pass' for decision event 'Mainphase' from Alice
2025-12-18 10:24:30,715 - env - INFO - Handling intent 'Pass' for decision event 'Combat' from Alice
2025-12-18 10:24:30,715 - env - INFO - Bob will draw a card for turn
2025-12-18 10:24:30,731 - env - INFO - Handling intent 'Pass' for decision event 'Mainphase' from Bob
2025-12-18 10:24:30,750 - env - INFO - Handling intent 'Attack with All' for decision event 'Combat' from Bob
2025-12-18 10:24:30,750 - env - WARNING - Bob is attacking!
2025-12-18 10:24:30,750 - env - WARNING - Alice died by having 0 or less life.
2025-12-18 10:24:30,750 - env - INFO - Game ended by death of player(s)
2025-12-18 10:24:30,750 - env - INFO - Bob won by survival
2025-12-18 10:24:30,763 - env - INFO - Setting up the new player Alice
2025-12-18 10:24:30,763 - env - INFO - Setting up the new player Bob
2025-12-18 10:24:30,998 - env - INFO - Handling intent 'Pass' for decision event 'Mainphase' from Alice
2025-12-18 10:24:31,253 - env - INFO - Handling intent 'Pass' for decision event 'Combat' from Alice
2025-12-18 10:24:31,258 - env - INFO - Bob will draw a card for turn
2025-12-18 10:24:31,495 - env - INFO - Handling intent 'Pass' for decision event 'Mainphase' from Bob
2025-12-18 10:24:31,513 - env - INFO - Handling intent 'Pass' for decision event 'Combat' from Bob
2025-12-18 10:24:31,513 - env - INFO - Alice will draw a card for turn
2025-12-18 10:24:31,530 - env - INFO - Handling intent 'Pass' for decision event 'Mainphase' from Alice
2025-12-18 10:24:31,549 - env - INFO - Handling intent 'Pass' for decision event 'Combat' from Alice
2025-12-18 10:24:31,549 - env - INFO - Bob will draw a card for turn
2025-12-18 10:24:31,566 - env - INFO - Handling intent 'Play Creature' for decision event 'Mainphase' from Bob
2025-12-18 10:24:31,584 - env - INFO - Handling intent 'Attack with All' for decision event 'Combat' from Bob
2025-12-18 10:24:31,584 - env - WARNING - Bob is attacking!
2025-12-18 10:24:31,584 - env - INFO - Alice will draw a card for turn
2025-12-18 10:24:31,601 - env - INFO - Handling intent 'Pass' for decision event 'Mainphase' from Alice
2025-12-18 10:24:31,616 - env - INFO - Handling intent 'Pass' for decision event 'Combat' from Alice
2025-12-18 10:24:31,616 - env - INFO - Bob will draw a card for turn
2025-12-18 10:24:31,631 - env - INFO - Handling intent 'Pass' for decision event 'Mainphase' from Bob
2025-12-18 10:24:31,645 - env - INFO - Handling intent 'Pass' for decision event 'Combat' from Bob
2025-12-18 10:24:31,645 - env - INFO - Alice will draw a card for turn
2025-12-18 10:24:31,661 - env - INFO - Handling intent 'Pass' for decision event 'Mainphase' from Alice
2025-12-18 10:24:31,676 - env - INFO - Handling intent 'Pass' for decision event 'Combat' from Alice
2025-12-18 10:24:31,676 - env - INFO - Bob will draw a card for turn
2025-12-18 10:24:31,691 - env - INFO - Handling intent 'Pass' for decision event 'Mainphase' from Bob
2025-12-18 10:24:31,706 - env - INFO - Handling intent 'Attack with All' for decision event 'Combat' from Bob
2025-12-18 10:24:31,706 - env - WARNING - Bob is attacking!
2025-12-18 10:24:31,706 - env - INFO - Alice will draw a card for turn
2025-12-18 10:24:31,723 - env - INFO - Handling intent 'Pass' for decision event 'Mainphase' from Alice
2025-12-18 10:24:31,741 - env - INFO - Handling intent 'Pass' for decision event 'Combat' from Alice
2025-12-18 10:24:31,741 - env - INFO - Bob will draw a card for turn
2025-12-18 10:24:31,758 - env - INFO - Handling intent 'Play Creature' for decision event 'Mainphase' from Bob
2025-12-18 10:24:31,776 - env - INFO - Handling intent 'Pass' for decision event 'Combat' from Bob
2025-12-18 10:24:31,776 - env - INFO - Alice will draw a card for turn
2025-12-18 10:24:31,793 - env - INFO - Handling intent 'Pass' for decision event 'Mainphase' from Alice
2025-12-18 10:24:31,809 - env - INFO - Handling intent 'Pass' for decision event 'Combat' from Alice
2025-12-18 10:24:31,809 - env - INFO - Bob will draw a card for turn
2025-12-18 10:24:31,823 - env - INFO - Handling intent 'Pass' for decision event 'Mainphase' from Bob
2025-12-18 10:24:31,838 - env - INFO - Handling intent 'Attack with All' for decision event 'Combat' from Bob
2025-12-18 10:24:31,838 - env - WARNING - Bob is attacking!
2025-12-18 10:24:31,839 - env - INFO - Alice will draw a card for turn
2025-12-18 10:24:31,854 - env - INFO - Handling intent 'Pass' for decision event 'Mainphase' from Alice
2025-12-18 10:24:31,869 - env - INFO - Handling intent 'Pass' for decision event 'Combat' from Alice
2025-12-18 10:24:31,869 - env - INFO - Bob will draw a card for turn
2025-12-18 10:24:31,884 - env - INFO - Handling intent 'Play Creature' for decision event 'Mainphase' from Bob
2025-12-18 10:24:31,900 - env - INFO - Handling intent 'Attack with All' for decision event 'Combat' from Bob
2025-12-18 10:24:31,900 - env - WARNING - Bob is attacking!
2025-12-18 10:24:31,900 - env - INFO - Alice will draw a card for turn
2025-12-18 10:24:31,914 - env - INFO - Handling intent 'Pass' for decision event 'Mainphase' from Alice
2025-12-18 10:24:31,929 - env - INFO - Handling intent 'Pass' for decision event 'Combat' from Alice
2025-12-18 10:24:31,929 - env - INFO - Bob will draw a card for turn
2025-12-18 10:24:31,944 - env - INFO - Handling intent 'Play Creature' for decision event 'Mainphase' from Bob
2025-12-18 10:24:31,959 - env - INFO - Handling intent 'Attack with All' for decision event 'Combat' from Bob
2025-12-18 10:24:31,959 - env - WARNING - Bob is attacking!
2025-12-18 10:24:31,959 - env - WARNING - Alice died by having 0 or less life.
2025-12-18 10:24:31,960 - env - INFO - Game ended by death of player(s)
2025-12-18 10:24:31,960 - env - INFO - Bob won by survival
2025-12-18 10:24:31,970 - env - INFO - Setting up the new player Alice
2025-12-18 10:24:31,970 - env - INFO - Setting up the new player Bob
2025-12-18 10:24:32,271 - env - INFO - Handling intent 'Pass' for decision event 'Mainphase' from Alice
2025-12-18 10:24:32,486 - env - INFO - Handling intent 'Pass' for decision event 'Combat' from Alice
2025-12-18 10:24:32,491 - env - INFO - Bob will draw a card for turn
2025-12-18 10:24:32,669 - env - INFO - Handling intent 'Play Creature' for decision event 'Mainphase' from Bob
2025-12-18 10:24:32,688 - env - INFO - Handling intent 'Pass' for decision event 'Combat' from Bob
2025-12-18 10:24:32,688 - env - INFO - Alice will draw a card for turn
2025-12-18 10:24:32,704 - env - INFO - Handling intent 'Pass' for decision event 'Mainphase' from Alice
2025-12-18 10:24:32,720 - env - INFO - Handling intent 'Pass' for decision event 'Combat' from Alice
2025-12-18 10:24:32,720 - env - INFO - Bob will draw a card for turn
2025-12-18 10:24:32,737 - env - INFO - Handling intent 'Play Creature' for decision event 'Mainphase' from Bob
2025-12-18 10:24:32,754 - env - INFO - Handling intent 'Attack with All' for decision event 'Combat' from Bob
2025-12-18 10:24:32,755 - env - WARNING - Bob is attacking!
2025-12-18 10:24:32,755 - env - INFO - Alice will draw a card for turn
2025-12-18 10:24:32,771 - env - INFO - Handling intent 'Pass' for decision event 'Mainphase' from Alice
2025-12-18 10:24:32,788 - env - INFO - Handling intent 'Pass' for decision event 'Combat' from Alice
2025-12-18 10:24:32,788 - env - INFO - Bob will draw a card for turn
2025-12-18 10:24:32,805 - env - INFO - Handling intent 'Play Creature' for decision event 'Mainphase' from Bob
2025-12-18 10:24:32,822 - env - INFO - Handling intent 'Attack with All' for decision event 'Combat' from Bob
2025-12-18 10:24:32,822 - env - WARNING - Bob is attacking!
2025-12-18 10:24:32,823 - env - INFO - Alice will draw a card for turn
2025-12-18 10:24:32,839 - env - INFO - Handling intent 'Pass' for decision event 'Mainphase' from Alice
2025-12-18 10:24:32,856 - env - INFO - Handling intent 'Pass' for decision event 'Combat' from Alice
2025-12-18 10:24:32,856 - env - INFO - Bob will draw a card for turn
2025-12-18 10:24:32,873 - env - INFO - Handling intent 'Pass' for decision event 'Mainphase' from Bob
2025-12-18 10:24:32,889 - env - INFO - Handling intent 'Attack with All' for decision event 'Combat' from Bob
2025-12-18 10:24:32,889 - env - WARNING - Bob is attacking!
2025-12-18 10:24:32,889 - env - INFO - Alice will draw a card for turn
2025-12-18 10:24:32,905 - env - INFO - Handling intent 'Pass' for decision event 'Mainphase' from Alice
2025-12-18 10:24:32,919 - env - INFO - Handling intent 'Pass' for decision event 'Combat' from Alice
2025-12-18 10:24:32,919 - env - INFO - Bob will draw a card for turn
2025-12-18 10:24:32,935 - env - INFO - Handling intent 'Pass' for decision event 'Mainphase' from Bob
2025-12-18 10:24:32,949 - env - INFO - Handling intent 'Attack with All' for decision event 'Combat' from Bob
2025-12-18 10:24:32,949 - env - WARNING - Bob is attacking!
2025-12-18 10:24:32,949 - env - INFO - Alice will draw a card for turn
2025-12-18 10:24:32,966 - env - INFO - Handling intent 'Pass' for decision event 'Mainphase' from Alice
2025-12-18 10:24:32,982 - env - INFO - Handling intent 'Pass' for decision event 'Combat' from Alice
2025-12-18 10:24:32,983 - env - INFO - Bob will draw a card for turn
2025-12-18 10:24:33,001 - env - INFO - Handling intent 'Play Creature' for decision event 'Mainphase' from Bob
2025-12-18 10:24:33,019 - env - INFO - Handling intent 'Attack with All' for decision event 'Combat' from Bob
2025-12-18 10:24:33,019 - env - WARNING - Bob is attacking!
2025-12-18 10:24:33,019 - env - WARNING - Alice died by having 0 or less life.
2025-12-18 10:24:33,019 - env - INFO - Game ended by death of player(s)
2025-12-18 10:24:33,019 - env - INFO - Bob won by survival
2025-12-18 10:24:33,030 - env - INFO - Setting up the new player Alice
2025-12-18 10:24:33,030 - env - INFO - Setting up the new player Bob
2025-12-18 10:24:33,222 - env - INFO - Handling intent 'Pass' for decision event 'Mainphase' from Alice
2025-12-18 10:24:33,455 - env - INFO - Handling intent 'Pass' for decision event 'Combat' from Alice
2025-12-18 10:24:33,461 - env - INFO - Bob will draw a card for turn
2025-12-18 10:24:33,664 - env - INFO - Handling intent 'Pass' for decision event 'Mainphase' from Bob
2025-12-18 10:24:33,680 - env - INFO - Handling intent 'Pass' for decision event 'Combat' from Bob
2025-12-18 10:24:33,680 - env - INFO - Alice will draw a card for turn
2025-12-18 10:24:33,695 - env - INFO - Handling intent 'Pass' for decision event 'Mainphase' from Alice
2025-12-18 10:24:33,710 - env - INFO - Handling intent 'Pass' for decision event 'Combat' from Alice
2025-12-18 10:24:33,710 - env - INFO - Bob will draw a card for turn
2025-12-18 10:24:33,725 - env - INFO - Handling intent 'Play Creature' for decision event 'Mainphase' from Bob
2025-12-18 10:24:33,741 - env - INFO - Handling intent 'Attack with All' for decision event 'Combat' from Bob
2025-12-18 10:24:33,741 - env - WARNING - Bob is attacking!
2025-12-18 10:24:33,741 - env - INFO - Alice will draw a card for turn
2025-12-18 10:24:33,756 - env - INFO - Handling intent 'Pass' for decision event 'Mainphase' from Alice
2025-12-18 10:24:33,775 - env - INFO - Handling intent 'Pass' for decision event 'Combat' from Alice
2025-12-18 10:24:33,775 - env - INFO - Bob will draw a card for turn
2025-12-18 10:24:33,795 - env - INFO - Handling intent 'Play Creature' for decision event 'Mainphase' from Bob
2025-12-18 10:24:33,813 - env - INFO - Handling intent 'Pass' for decision event 'Combat' from Bob
2025-12-18 10:24:33,813 - env - INFO - Alice will draw a card for turn
2025-12-18 10:24:33,831 - env - INFO - Handling intent 'Pass' for decision event 'Mainphase' from Alice
2025-12-18 10:24:33,846 - env - INFO - Handling intent 'Pass' for decision event 'Combat' from Alice
2025-12-18 10:24:33,846 - env - INFO - Bob will draw a card for turn
2025-12-18 10:24:33,862 - env - INFO - Handling intent 'Play Creature' for decision event 'Mainphase' from Bob
2025-12-18 10:24:33,878 - env - INFO - Handling intent 'Pass' for decision event 'Combat' from Bob
2025-12-18 10:24:33,878 - env - INFO - Alice will draw a card for turn
2025-12-18 10:24:33,894 - env - INFO - Handling intent 'Pass' for decision event 'Mainphase' from Alice
2025-12-18 10:24:33,909 - env - INFO - Handling intent 'Pass' for decision event 'Combat' from Alice
2025-12-18 10:24:33,910 - env - INFO - Bob will draw a card for turn
2025-12-18 10:24:33,925 - env - INFO - Handling intent 'Pass' for decision event 'Mainphase' from Bob
2025-12-18 10:24:33,942 - env - INFO - Handling intent 'Pass' for decision event 'Combat' from Bob
2025-12-18 10:24:33,942 - env - INFO - Alice will draw a card for turn
2025-12-18 10:24:33,960 - env - INFO - Handling intent 'Pass' for decision event 'Mainphase' from Alice
2025-12-18 10:24:33,978 - env - INFO - Handling intent 'Pass' for decision event 'Combat' from Alice
2025-12-18 10:24:33,978 - env - INFO - Bob will draw a card for turn
2025-12-18 10:24:33,997 - env - INFO - Handling intent 'Play Creature' for decision event 'Mainphase' from Bob
2025-12-18 10:24:34,014 - env - INFO - Handling intent 'Pass' for decision event 'Combat' from Bob
2025-12-18 10:24:34,014 - env - INFO - Alice will draw a card for turn
2025-12-18 10:24:34,030 - env - INFO - Handling intent 'Pass' for decision event 'Mainphase' from Alice
2025-12-18 10:24:34,046 - env - INFO - Handling intent 'Pass' for decision event 'Combat' from Alice
2025-12-18 10:24:34,046 - env - INFO - Bob will draw a card for turn
2025-12-18 10:24:34,061 - env - INFO - Handling intent 'Pass' for decision event 'Mainphase' from Bob
2025-12-18 10:24:34,077 - env - INFO - Handling intent 'Attack with All' for decision event 'Combat' from Bob
2025-12-18 10:24:34,077 - env - WARNING - Bob is attacking!
2025-12-18 10:24:34,077 - env - INFO - Alice will draw a card for turn
2025-12-18 10:24:34,092 - env - INFO - Handling intent 'Pass' for decision event 'Mainphase' from Alice
2025-12-18 10:24:34,109 - env - INFO - Handling intent 'Pass' for decision event 'Combat' from Alice
2025-12-18 10:24:34,109 - env - INFO - Bob will draw a card for turn
2025-12-18 10:24:34,127 - env - INFO - Handling intent 'Pass' for decision event 'Mainphase' from Bob
2025-12-18 10:24:34,144 - env - INFO - Handling intent 'Pass' for decision event 'Combat' from Bob
2025-12-18 10:24:34,144 - env - INFO - Alice will draw a card for turn
2025-12-18 10:24:34,159 - env - INFO - Handling intent 'Pass' for decision event 'Mainphase' from Alice
2025-12-18 10:24:34,177 - env - INFO - Handling intent 'Pass' for decision event 'Combat' from Alice
2025-12-18 10:24:34,177 - env - INFO - Bob will draw a card for turn
2025-12-18 10:24:34,195 - env - INFO - Handling intent 'Play Creature' for decision event 'Mainphase' from Bob
2025-12-18 10:24:34,213 - env - INFO - Handling intent 'Pass' for decision event 'Combat' from Bob
2025-12-18 10:24:34,213 - env - INFO - Alice will draw a card for turn
2025-12-18 10:24:34,231 - env - INFO - Handling intent 'Pass' for decision event 'Mainphase' from Alice
2025-12-18 10:24:34,249 - env - INFO - Handling intent 'Pass' for decision event 'Combat' from Alice
2025-12-18 10:24:34,249 - env - INFO - Bob will draw a card for turn
2025-12-18 10:24:34,267 - env - INFO - Handling intent 'Pass' for decision event 'Mainphase' from Bob
2025-12-18 10:24:34,286 - env - INFO - Handling intent 'Pass' for decision event 'Combat' from Bob
2025-12-18 10:24:34,286 - env - INFO - Alice will draw a card for turn
2025-12-18 10:24:34,303 - env - INFO - Handling intent 'Pass' for decision event 'Mainphase' from Alice
2025-12-18 10:24:34,321 - env - INFO - Handling intent 'Pass' for decision event 'Combat' from Alice
2025-12-18 10:24:34,321 - env - INFO - Bob will draw a card for turn
2025-12-18 10:24:34,321 - env - WARNING - Bob died by drawing from an empty library.
2025-12-18 10:24:34,321 - env - INFO - Game ended by death of player(s)
2025-12-18 10:24:34,321 - env - INFO - Alice won by survival
2025-12-18 10:24:34,334 - env - INFO - Setting up the new player Alice
2025-12-18 10:24:34,334 - env - INFO - Setting up the new player Bob
2025-12-18 10:24:34,624 - env - INFO - Handling intent 'Pass' for decision event 'Mainphase' from Alice
2025-12-18 10:24:34,989 - env - INFO - Handling intent 'Pass' for decision event 'Combat' from Alice
2025-12-18 10:24:34,994 - env - INFO - Bob will draw a card for turn
2025-12-18 10:24:35,218 - env - INFO - Handling intent 'Play Creature' for decision event 'Mainphase' from Bob
2025-12-18 10:24:35,237 - env - INFO - Handling intent 'Pass' for decision event 'Combat' from Bob
2025-12-18 10:24:35,237 - env - INFO - Alice will draw a card for turn
2025-12-18 10:24:35,255 - env - INFO - Handling intent 'Pass' for decision event 'Mainphase' from Alice
2025-12-18 10:24:35,271 - env - INFO - Handling intent 'Pass' for decision event 'Combat' from Alice
2025-12-18 10:24:35,271 - env - INFO - Bob will draw a card for turn
2025-12-18 10:24:35,288 - env - INFO - Handling intent 'Play Creature' for decision event 'Mainphase' from Bob
2025-12-18 10:24:35,307 - env - INFO - Handling intent 'Pass' for decision event 'Combat' from Bob
2025-12-18 10:24:35,307 - env - INFO - Alice will draw a card for turn
2025-12-18 10:24:35,323 - env - INFO - Handling intent 'Pass' for decision event 'Mainphase' from Alice
2025-12-18 10:24:35,338 - env - INFO - Handling intent 'Pass' for decision event 'Combat' from Alice
2025-12-18 10:24:35,338 - env - INFO - Bob will draw a card for turn
2025-12-18 10:24:35,354 - env - INFO - Handling intent 'Play Creature' for decision event 'Mainphase' from Bob
2025-12-18 10:24:35,371 - env - INFO - Handling intent 'Attack with All' for decision event 'Combat' from Bob
2025-12-18 10:24:35,371 - env - WARNING - Bob is attacking!
2025-12-18 10:24:35,371 - env - INFO - Alice will draw a card for turn
2025-12-18 10:24:35,386 - env - INFO - Handling intent 'Pass' for decision event 'Mainphase' from Alice
2025-12-18 10:24:35,401 - env - INFO - Handling intent 'Pass' for decision event 'Combat' from Alice
2025-12-18 10:24:35,401 - env - INFO - Bob will draw a card for turn
2025-12-18 10:24:35,418 - env - INFO - Handling intent 'Play Creature' for decision event 'Mainphase' from Bob
2025-12-18 10:24:35,435 - env - INFO - Handling intent 'Attack with All' for decision event 'Combat' from Bob
2025-12-18 10:24:35,435 - env - WARNING - Bob is attacking!
2025-12-18 10:24:35,435 - env - INFO - Alice will draw a card for turn
2025-12-18 10:24:35,451 - env - INFO - Handling intent 'Pass' for decision event 'Mainphase' from Alice
2025-12-18 10:24:35,467 - env - INFO - Handling intent 'Pass' for decision event 'Combat' from Alice
2025-12-18 10:24:35,467 - env - INFO - Bob will draw a card for turn
2025-12-18 10:24:35,484 - env - INFO - Handling intent 'Pass' for decision event 'Mainphase' from Bob
2025-12-18 10:24:35,501 - env - INFO - Handling intent 'Pass' for decision event 'Combat' from Bob
2025-12-18 10:24:35,501 - env - INFO - Alice will draw a card for turn
2025-12-18 10:24:35,518 - env - INFO - Handling intent 'Pass' for decision event 'Mainphase' from Alice
2025-12-18 10:24:35,535 - env - INFO - Handling intent 'Pass' for decision event 'Combat' from Alice
2025-12-18 10:24:35,535 - env - INFO - Bob will draw a card for turn
2025-12-18 10:24:35,552 - env - INFO - Handling intent 'Pass' for decision event 'Mainphase' from Bob
2025-12-18 10:24:35,570 - env - INFO - Handling intent 'Pass' for decision event 'Combat' from Bob
2025-12-18 10:24:35,570 - env - INFO - Alice will draw a card for turn
2025-12-18 10:24:35,588 - env - INFO - Handling intent 'Pass' for decision event 'Mainphase' from Alice
2025-12-18 10:24:35,605 - env - INFO - Handling intent 'Pass' for decision event 'Combat' from Alice
2025-12-18 10:24:35,605 - env - INFO - Bob will draw a card for turn
2025-12-18 10:24:35,623 - env - INFO - Handling intent 'Pass' for decision event 'Mainphase' from Bob
2025-12-18 10:24:35,641 - env - INFO - Handling intent 'Pass' for decision event 'Combat' from Bob
2025-12-18 10:24:35,641 - env - INFO - Alice will draw a card for turn
2025-12-18 10:24:35,658 - env - INFO - Handling intent 'Pass' for decision event 'Mainphase' from Alice
2025-12-18 10:24:35,674 - env - INFO - Handling intent 'Pass' for decision event 'Combat' from Alice
2025-12-18 10:24:35,674 - env - INFO - Bob will draw a card for turn
2025-12-18 10:24:35,689 - env - INFO - Handling intent 'Pass' for decision event 'Mainphase' from Bob
2025-12-18 10:24:35,705 - env - INFO - Handling intent 'Attack with All' for decision event 'Combat' from Bob
2025-12-18 10:24:35,705 - env - WARNING - Bob is attacking!
2025-12-18 10:24:35,705 - env - INFO - Alice will draw a card for turn
2025-12-18 10:24:35,720 - env - INFO - Handling intent 'Pass' for decision event 'Mainphase' from Alice
2025-12-18 10:24:35,735 - env - INFO - Handling intent 'Pass' for decision event 'Combat' from Alice
2025-12-18 10:24:35,735 - env - INFO - Bob will draw a card for turn
2025-12-18 10:24:35,750 - env - INFO - Handling intent 'Play Creature' for decision event 'Mainphase' from Bob
2025-12-18 10:24:35,766 - env - INFO - Handling intent 'Pass' for decision event 'Combat' from Bob
2025-12-18 10:24:35,766 - env - INFO - Alice will draw a card for turn
2025-12-18 10:24:35,781 - env - INFO - Handling intent 'Pass' for decision event 'Mainphase' from Alice
2025-12-18 10:24:35,797 - env - INFO - Handling intent 'Pass' for decision event 'Combat' from Alice
2025-12-18 10:24:35,797 - env - INFO - Bob will draw a card for turn
2025-12-18 10:24:35,815 - env - INFO - Handling intent 'Pass' for decision event 'Mainphase' from Bob
2025-12-18 10:24:35,832 - env - INFO - Handling intent 'Attack with All' for decision event 'Combat' from Bob
2025-12-18 10:24:35,833 - env - WARNING - Bob is attacking!
2025-12-18 10:24:35,833 - env - INFO - Alice will draw a card for turn
2025-12-18 10:24:35,849 - env - INFO - Handling intent 'Pass' for decision event 'Mainphase' from Alice
2025-12-18 10:24:35,865 - env - INFO - Handling intent 'Pass' for decision event 'Combat' from Alice
2025-12-18 10:24:35,865 - env - INFO - Bob will draw a card for turn
2025-12-18 10:24:35,865 - env - WARNING - Bob died by drawing from an empty library.
2025-12-18 10:24:35,865 - env - INFO - Game ended by death of player(s)
2025-12-18 10:24:35,865 - env - INFO - Alice won by survival
2025-12-18 10:24:35,876 - env - INFO - Setting up the new player Alice
2025-12-18 10:24:35,876 - env - INFO - Setting up the new player Bob
2025-12-18 10:24:36,100 - env - INFO - Handling intent 'Pass' for decision event 'Mainphase' from Alice
2025-12-18 10:24:36,277 - env - INFO - Handling intent 'Pass' for decision event 'Combat' from Alice
2025-12-18 10:24:36,282 - env - INFO - Bob will draw a card for turn
2025-12-18 10:24:36,427 - env - INFO - Handling intent 'Play Creature' for decision event 'Mainphase' from Bob
2025-12-18 10:24:36,449 - env - INFO - Handling intent 'Pass' for decision event 'Combat' from Bob
2025-12-18 10:24:36,449 - env - INFO - Alice will draw a card for turn
2025-12-18 10:24:36,469 - env - INFO - Handling intent 'Pass' for decision event 'Mainphase' from Alice
2025-12-18 10:24:36,497 - env - INFO - Handling intent 'Pass' for decision event 'Combat' from Alice
2025-12-18 10:24:36,497 - env - INFO - Bob will draw a card for turn
2025-12-18 10:24:36,519 - env - INFO - Handling intent 'Pass' for decision event 'Mainphase' from Bob
2025-12-18 10:24:36,537 - env - INFO - Handling intent 'Pass' for decision event 'Combat' from Bob
2025-12-18 10:24:36,537 - env - INFO - Alice will draw a card for turn
2025-12-18 10:24:36,561 - env - INFO - Handling intent 'Pass' for decision event 'Mainphase' from Alice
2025-12-18 10:24:36,586 - env - INFO - Handling intent 'Pass' for decision event 'Combat' from Alice
2025-12-18 10:24:36,587 - env - INFO - Bob will draw a card for turn
2025-12-18 10:24:36,605 - env - INFO - Handling intent 'Pass' for decision event 'Mainphase' from Bob
2025-12-18 10:24:36,625 - env - INFO - Handling intent 'Pass' for decision event 'Combat' from Bob
2025-12-18 10:24:36,625 - env - INFO - Alice will draw a card for turn
2025-12-18 10:24:36,648 - env - INFO - Handling intent 'Pass' for decision event 'Mainphase' from Alice
2025-12-18 10:24:36,672 - env - INFO - Handling intent 'Pass' for decision event 'Combat' from Alice
2025-12-18 10:24:36,672 - env - INFO - Bob will draw a card for turn
2025-12-18 10:24:36,694 - env - INFO - Handling intent 'Pass' for decision event 'Mainphase' from Bob
2025-12-18 10:24:36,722 - env - INFO - Handling intent 'Attack with All' for decision event 'Combat' from Bob
2025-12-18 10:24:36,722 - env - WARNING - Bob is attacking!
2025-12-18 10:24:36,722 - env - INFO - Alice will draw a card for turn
2025-12-18 10:24:36,743 - env - INFO - Handling intent 'Pass' for decision event 'Mainphase' from Alice
2025-12-18 10:24:36,764 - env - INFO - Handling intent 'Pass' for decision event 'Combat' from Alice
2025-12-18 10:24:36,764 - env - INFO - Bob will draw a card for turn
2025-12-18 10:24:36,791 - env - INFO - Handling intent 'Play Creature' for decision event 'Mainphase' from Bob
2025-12-18 10:24:36,814 - env - INFO - Handling intent 'Attack with All' for decision event 'Combat' from Bob
2025-12-18 10:24:36,814 - env - WARNING - Bob is attacking!
2025-12-18 10:24:36,815 - env - INFO - Alice will draw a card for turn
2025-12-18 10:24:36,831 - env - INFO - Handling intent 'Pass' for decision event 'Mainphase' from Alice
2025-12-18 10:24:36,852 - env - INFO - Handling intent 'Pass' for decision event 'Combat' from Alice
2025-12-18 10:24:36,852 - env - INFO - Bob will draw a card for turn
2025-12-18 10:24:36,881 - env - INFO - Handling intent 'Play Creature' for decision event 'Mainphase' from Bob
2025-12-18 10:24:36,902 - env - INFO - Handling intent 'Pass' for decision event 'Combat' from Bob
2025-12-18 10:24:36,902 - env - INFO - Alice will draw a card for turn
2025-12-18 10:24:36,922 - env - INFO - Handling intent 'Pass' for decision event 'Mainphase' from Alice
2025-12-18 10:24:36,943 - env - INFO - Handling intent 'Pass' for decision event 'Combat' from Alice
2025-12-18 10:24:36,943 - env - INFO - Bob will draw a card for turn
2025-12-18 10:24:36,968 - env - INFO - Handling intent 'Play Creature' for decision event 'Mainphase' from Bob
2025-12-18 10:24:36,988 - env - INFO - Handling intent 'Attack with All' for decision event 'Combat' from Bob
2025-12-18 10:24:36,988 - env - WARNING - Bob is attacking!
2025-12-18 10:24:36,988 - env - INFO - Alice will draw a card for turn
2025-12-18 10:24:37,011 - env - INFO - Handling intent 'Pass' for decision event 'Mainphase' from Alice
2025-12-18 10:24:37,034 - env - INFO - Handling intent 'Pass' for decision event 'Combat' from Alice
2025-12-18 10:24:37,034 - env - INFO - Bob will draw a card for turn
2025-12-18 10:24:37,054 - env - INFO - Handling intent 'Play Creature' for decision event 'Mainphase' from Bob
2025-12-18 10:24:37,073 - env - INFO - Handling intent 'Attack with All' for decision event 'Combat' from Bob
2025-12-18 10:24:37,073 - env - WARNING - Bob is attacking!
2025-12-18 10:24:37,073 - env - INFO - Alice will draw a card for turn
2025-12-18 10:24:37,094 - env - INFO - Handling intent 'Pass' for decision event 'Mainphase' from Alice
2025-12-18 10:24:37,117 - env - INFO - Handling intent 'Pass' for decision event 'Combat' from Alice
2025-12-18 10:24:37,117 - env - INFO - Bob will draw a card for turn
2025-12-18 10:24:37,135 - env - INFO - Handling intent 'Pass' for decision event 'Mainphase' from Bob
2025-12-18 10:24:37,152 - env - INFO - Handling intent 'Pass' for decision event 'Combat' from Bob
2025-12-18 10:24:37,152 - env - INFO - Alice will draw a card for turn
2025-12-18 10:24:37,171 - env - INFO - Handling intent 'Pass' for decision event 'Mainphase' from Alice
2025-12-18 10:24:37,188 - env - INFO - Handling intent 'Pass' for decision event 'Combat' from Alice
2025-12-18 10:24:37,189 - env - INFO - Bob will draw a card for turn
2025-12-18 10:24:37,207 - env - INFO - Handling intent 'Pass' for decision event 'Mainphase' from Bob
2025-12-18 10:24:37,224 - env - INFO - Handling intent 'Pass' for decision event 'Combat' from Bob
2025-12-18 10:24:37,224 - env - INFO - Alice will draw a card for turn
2025-12-18 10:24:37,239 - env - INFO - Handling intent 'Pass' for decision event 'Mainphase' from Alice
2025-12-18 10:24:37,256 - env - INFO - Handling intent 'Pass' for decision event 'Combat' from Alice
2025-12-18 10:24:37,256 - env - INFO - Bob will draw a card for turn
2025-12-18 10:24:37,256 - env - WARNING - Bob died by drawing from an empty library.
2025-12-18 10:24:37,257 - env - INFO - Game ended by death of player(s)
2025-12-18 10:24:37,257 - env - INFO - Alice won by survival
2025-12-18 10:24:37,267 - env - INFO - Setting up the new player Alice
2025-12-18 10:24:37,267 - env - INFO - Setting up the new player Bob
2025-12-18 10:24:37,475 - env - INFO - Handling intent 'Pass' for decision event 'Mainphase' from Alice
2025-12-18 10:24:37,746 - env - INFO - Handling intent 'Pass' for decision event 'Combat' from Alice
2025-12-18 10:24:37,761 - env - INFO - Bob will draw a card for turn
2025-12-18 10:24:37,845 - env - INFO - Handling intent 'Pass' for decision event 'Mainphase' from Bob
2025-12-18 10:24:37,863 - env - INFO - Handling intent 'Attack with All' for decision event 'Combat' from Bob
2025-12-18 10:24:37,863 - env - WARNING - Bob is attacking!
2025-12-18 10:24:37,863 - env - INFO - Alice will draw a card for turn
2025-12-18 10:24:37,878 - env - INFO - Handling intent 'Pass' for decision event 'Mainphase' from Alice
2025-12-18 10:24:37,893 - env - INFO - Handling intent 'Pass' for decision event 'Combat' from Alice
2025-12-18 10:24:37,894 - env - INFO - Bob will draw a card for turn
2025-12-18 10:24:37,910 - env - INFO - Handling intent 'Pass' for decision event 'Mainphase' from Bob
2025-12-18 10:24:37,926 - env - INFO - Handling intent 'Pass' for decision event 'Combat' from Bob
2025-12-18 10:24:37,926 - env - INFO - Alice will draw a card for turn
2025-12-18 10:24:37,941 - env - INFO - Handling intent 'Pass' for decision event 'Mainphase' from Alice
2025-12-18 10:24:37,955 - env - INFO - Handling intent 'Pass' for decision event 'Combat' from Alice
2025-12-18 10:24:37,955 - env - INFO - Bob will draw a card for turn
2025-12-18 10:24:37,971 - env - INFO - Handling intent 'Pass' for decision event 'Mainphase' from Bob
2025-12-18 10:24:37,986 - env - INFO - Handling intent 'Pass' for decision event 'Combat' from Bob
2025-12-18 10:24:37,986 - env - INFO - Alice will draw a card for turn
2025-12-18 10:24:38,004 - env - INFO - Handling intent 'Pass' for decision event 'Mainphase' from Alice
2025-12-18 10:24:38,021 - env - INFO - Handling intent 'Pass' for decision event 'Combat' from Alice
2025-12-18 10:24:38,021 - env - INFO - Bob will draw a card for turn
2025-12-18 10:24:38,039 - env - INFO - Handling intent 'Pass' for decision event 'Mainphase' from Bob
2025-12-18 10:24:38,058 - env - INFO - Handling intent 'Pass' for decision event 'Combat' from Bob
2025-12-18 10:24:38,058 - env - INFO - Alice will draw a card for turn
2025-12-18 10:24:38,076 - env - INFO - Handling intent 'Pass' for decision event 'Mainphase' from Alice
2025-12-18 10:24:38,093 - env - INFO - Handling intent 'Pass' for decision event 'Combat' from Alice
2025-12-18 10:24:38,093 - env - INFO - Bob will draw a card for turn
2025-12-18 10:24:38,112 - env - INFO - Handling intent 'Pass' for decision event 'Mainphase' from Bob
2025-12-18 10:24:38,129 - env - INFO - Handling intent 'Attack with All' for decision event 'Combat' from Bob
2025-12-18 10:24:38,129 - env - WARNING - Bob is attacking!
2025-12-18 10:24:38,129 - env - INFO - Alice will draw a card for turn
2025-12-18 10:24:38,147 - env - INFO - Handling intent 'Pass' for decision event 'Mainphase' from Alice
2025-12-18 10:24:38,165 - env - INFO - Handling intent 'Pass' for decision event 'Combat' from Alice
2025-12-18 10:24:38,165 - env - INFO - Bob will draw a card for turn
2025-12-18 10:24:38,182 - env - INFO - Handling intent 'Pass' for decision event 'Mainphase' from Bob
2025-12-18 10:24:38,199 - env - INFO - Handling intent 'Pass' for decision event 'Combat' from Bob
2025-12-18 10:24:38,199 - env - INFO - Alice will draw a card for turn
2025-12-18 10:24:38,217 - env - INFO - Handling intent 'Pass' for decision event 'Mainphase' from Alice
2025-12-18 10:24:38,236 - env - INFO - Handling intent 'Pass' for decision event 'Combat' from Alice
2025-12-18 10:24:38,236 - env - INFO - Bob will draw a card for turn
2025-12-18 10:24:38,255 - env - INFO - Handling intent 'Pass' for decision event 'Mainphase' from Bob
2025-12-18 10:24:38,273 - env - INFO - Handling intent 'Pass' for decision event 'Combat' from Bob
2025-12-18 10:24:38,273 - env - INFO - Alice will draw a card for turn
2025-12-18 10:24:38,291 - env - INFO - Handling intent 'Pass' for decision event 'Mainphase' from Alice
2025-12-18 10:24:38,309 - env - INFO - Handling intent 'Pass' for decision event 'Combat' from Alice
2025-12-18 10:24:38,309 - env - INFO - Bob will draw a card for turn
2025-12-18 10:24:38,327 - env - INFO - Handling intent 'Play Creature' for decision event 'Mainphase' from Bob
2025-12-18 10:24:38,345 - env - INFO - Handling intent 'Attack with All' for decision event 'Combat' from Bob
2025-12-18 10:24:38,345 - env - WARNING - Bob is attacking!
2025-12-18 10:24:38,345 - env - INFO - Alice will draw a card for turn
2025-12-18 10:24:38,363 - env - INFO - Handling intent 'Pass' for decision event 'Mainphase' from Alice
2025-12-18 10:24:38,381 - env - INFO - Handling intent 'Pass' for decision event 'Combat' from Alice
2025-12-18 10:24:38,381 - env - INFO - Bob will draw a card for turn
2025-12-18 10:24:38,399 - env - INFO - Handling intent 'Play Creature' for decision event 'Mainphase' from Bob
2025-12-18 10:24:38,417 - env - INFO - Handling intent 'Attack with All' for decision event 'Combat' from Bob
2025-12-18 10:24:38,418 - env - WARNING - Bob is attacking!
2025-12-18 10:24:38,418 - env - INFO - Alice will draw a card for turn
2025-12-18 10:24:38,437 - env - INFO - Handling intent 'Pass' for decision event 'Mainphase' from Alice
2025-12-18 10:24:38,455 - env - INFO - Handling intent 'Pass' for decision event 'Combat' from Alice
2025-12-18 10:24:38,455 - env - INFO - Bob will draw a card for turn
2025-12-18 10:24:38,473 - env - INFO - Handling intent 'Play Creature' for decision event 'Mainphase' from Bob
2025-12-18 10:24:38,492 - env - INFO - Handling intent 'Attack with All' for decision event 'Combat' from Bob
2025-12-18 10:24:38,492 - env - WARNING - Bob is attacking!
2025-12-18 10:24:38,492 - env - WARNING - Alice died by having 0 or less life.
2025-12-18 10:24:38,492 - env - INFO - Game ended by death of player(s)
2025-12-18 10:24:38,492 - env - INFO - Bob won by survival
2025-12-18 10:24:38,505 - env - INFO - Setting up the new player Alice
2025-12-18 10:24:38,505 - env - INFO - Setting up the new player Bob
2025-12-18 10:24:38,738 - env - INFO - Handling intent 'Pass' for decision event 'Mainphase' from Alice
2025-12-18 10:24:38,912 - env - INFO - Handling intent 'Pass' for decision event 'Combat' from Alice
2025-12-18 10:24:38,923 - env - INFO - Bob will draw a card for turn
2025-12-18 10:24:39,163 - env - INFO - Handling intent 'Pass' for decision event 'Mainphase' from Bob
2025-12-18 10:24:39,179 - env - INFO - Handling intent 'Attack with All' for decision event 'Combat' from Bob
2025-12-18 10:24:39,179 - env - WARNING - Bob is attacking!
2025-12-18 10:24:39,179 - env - INFO - Alice will draw a card for turn
2025-12-18 10:24:39,198 - env - INFO - Handling intent 'Pass' for decision event 'Mainphase' from Alice
2025-12-18 10:24:39,217 - env - INFO - Handling intent 'Pass' for decision event 'Combat' from Alice
2025-12-18 10:24:39,217 - env - INFO - Bob will draw a card for turn
2025-12-18 10:24:39,234 - env - INFO - Handling intent 'Pass' for decision event 'Mainphase' from Bob
2025-12-18 10:24:39,252 - env - INFO - Handling intent 'Pass' for decision event 'Combat' from Bob
2025-12-18 10:24:39,252 - env - INFO - Alice will draw a card for turn
2025-12-18 10:24:39,271 - env - INFO - Handling intent 'Pass' for decision event 'Mainphase' from Alice
2025-12-18 10:24:39,290 - env - INFO - Handling intent 'Pass' for decision event 'Combat' from Alice
2025-12-18 10:24:39,290 - env - INFO - Bob will draw a card for turn
2025-12-18 10:24:39,308 - env - INFO - Handling intent 'Play Creature' for decision event 'Mainphase' from Bob
2025-12-18 10:24:39,326 - env - INFO - Handling intent 'Pass' for decision event 'Combat' from Bob
2025-12-18 10:24:39,326 - env - INFO - Alice will draw a card for turn
2025-12-18 10:24:39,344 - env - INFO - Handling intent 'Pass' for decision event 'Mainphase' from Alice
2025-12-18 10:24:39,361 - env - INFO - Handling intent 'Pass' for decision event 'Combat' from Alice
2025-12-18 10:24:39,362 - env - INFO - Bob will draw a card for turn
2025-12-18 10:24:39,378 - env - INFO - Handling intent 'Play Creature' for decision event 'Mainphase' from Bob
2025-12-18 10:24:39,397 - env - INFO - Handling intent 'Pass' for decision event 'Combat' from Bob
2025-12-18 10:24:39,397 - env - INFO - Alice will draw a card for turn
2025-12-18 10:24:39,410 - env - INFO - Handling intent 'Pass' for decision event 'Mainphase' from Alice
2025-12-18 10:24:39,425 - env - INFO - Handling intent 'Pass' for decision event 'Combat' from Alice
2025-12-18 10:24:39,425 - env - INFO - Bob will draw a card for turn
2025-12-18 10:24:39,441 - env - INFO - Handling intent 'Play Creature' for decision event 'Mainphase' from Bob
2025-12-18 10:24:39,459 - env - INFO - Handling intent 'Pass' for decision event 'Combat' from Bob
2025-12-18 10:24:39,459 - env - INFO - Alice will draw a card for turn
2025-12-18 10:24:39,475 - env - INFO - Handling intent 'Pass' for decision event 'Mainphase' from Alice
2025-12-18 10:24:39,492 - env - INFO - Handling intent 'Pass' for decision event 'Combat' from Alice
2025-12-18 10:24:39,492 - env - INFO - Bob will draw a card for turn
2025-12-18 10:24:39,507 - env - INFO - Handling intent 'Play Creature' for decision event 'Mainphase' from Bob
2025-12-18 10:24:39,523 - env - INFO - Handling intent 'Attack with All' for decision event 'Combat' from Bob
2025-12-18 10:24:39,523 - env - WARNING - Bob is attacking!
2025-12-18 10:24:39,523 - env - INFO - Alice will draw a card for turn
2025-12-18 10:24:39,540 - env - INFO - Handling intent 'Pass' for decision event 'Mainphase' from Alice
2025-12-18 10:24:39,556 - env - INFO - Handling intent 'Pass' for decision event 'Combat' from Alice
2025-12-18 10:24:39,556 - env - INFO - Bob will draw a card for turn
2025-12-18 10:24:39,574 - env - INFO - Handling intent 'Play Creature' for decision event 'Mainphase' from Bob
2025-12-18 10:24:39,590 - env - INFO - Handling intent 'Attack with All' for decision event 'Combat' from Bob
2025-12-18 10:24:39,590 - env - WARNING - Bob is attacking!
2025-12-18 10:24:39,590 - env - INFO - Alice will draw a card for turn
2025-12-18 10:24:39,607 - env - INFO - Handling intent 'Pass' for decision event 'Mainphase' from Alice
2025-12-18 10:24:39,623 - env - INFO - Handling intent 'Pass' for decision event 'Combat' from Alice
2025-12-18 10:24:39,624 - env - INFO - Bob will draw a card for turn
2025-12-18 10:24:39,640 - env - INFO - Handling intent 'Pass' for decision event 'Mainphase' from Bob
2025-12-18 10:24:39,657 - env - INFO - Handling intent 'Attack with All' for decision event 'Combat' from Bob
2025-12-18 10:24:39,657 - env - WARNING - Bob is attacking!
2025-12-18 10:24:39,657 - env - INFO - Alice will draw a card for turn
2025-12-18 10:24:39,674 - env - INFO - Handling intent 'Pass' for decision event 'Mainphase' from Alice
2025-12-18 10:24:39,691 - env - INFO - Handling intent 'Pass' for decision event 'Combat' from Alice
2025-12-18 10:24:39,691 - env - INFO - Bob will draw a card for turn
2025-12-18 10:24:39,708 - env - INFO - Handling intent 'Play Creature' for decision event 'Mainphase' from Bob
2025-12-18 10:24:39,725 - env - INFO - Handling intent 'Pass' for decision event 'Combat' from Bob
2025-12-18 10:24:39,725 - env - INFO - Alice will draw a card for turn
2025-12-18 10:24:39,742 - env - INFO - Handling intent 'Pass' for decision event 'Mainphase' from Alice
2025-12-18 10:24:39,760 - env - INFO - Handling intent 'Pass' for decision event 'Combat' from Alice
2025-12-18 10:24:39,760 - env - INFO - Bob will draw a card for turn
2025-12-18 10:24:39,777 - env - INFO - Handling intent 'Play Creature' for decision event 'Mainphase' from Bob
2025-12-18 10:24:39,794 - env - INFO - Handling intent 'Pass' for decision event 'Combat' from Bob
2025-12-18 10:24:39,794 - env - INFO - Alice will draw a card for turn
2025-12-18 10:24:39,811 - env - INFO - Handling intent 'Pass' for decision event 'Mainphase' from Alice
2025-12-18 10:24:39,828 - env - INFO - Handling intent 'Pass' for decision event 'Combat' from Alice
2025-12-18 10:24:39,828 - env - INFO - Bob will draw a card for turn
2025-12-18 10:24:39,828 - env - WARNING - Bob died by drawing from an empty library.
2025-12-18 10:24:39,828 - env - INFO - Game ended by death of player(s)
2025-12-18 10:24:39,828 - env - INFO - Alice won by survival
2025-12-18 10:24:39,839 - env - INFO - Setting up the new player Alice
2025-12-18 10:24:39,839 - env - INFO - Setting up the new player Bob
2025-12-18 10:24:40,231 - env - INFO - Handling intent 'Pass' for decision event 'Mainphase' from Alice
2025-12-18 10:24:40,538 - env - INFO - Handling intent 'Pass' for decision event 'Combat' from Alice
2025-12-18 10:24:40,543 - env - INFO - Bob will draw a card for turn
2025-12-18 10:24:40,748 - env - INFO - Handling intent 'Play Creature' for decision event 'Mainphase' from Bob
2025-12-18 10:24:40,764 - env - INFO - Handling intent 'Pass' for decision event 'Combat' from Bob
2025-12-18 10:24:40,764 - env - INFO - Alice will draw a card for turn
2025-12-18 10:24:40,779 - env - INFO - Handling intent 'Pass' for decision event 'Mainphase' from Alice
2025-12-18 10:24:40,793 - env - INFO - Handling intent 'Pass' for decision event 'Combat' from Alice
2025-12-18 10:24:40,793 - env - INFO - Bob will draw a card for turn
2025-12-18 10:24:40,810 - env - INFO - Handling intent 'Pass' for decision event 'Mainphase' from Bob
2025-12-18 10:24:40,829 - env - INFO - Handling intent 'Pass' for decision event 'Combat' from Bob
2025-12-18 10:24:40,829 - env - INFO - Alice will draw a card for turn
2025-12-18 10:24:40,844 - env - INFO - Handling intent 'Pass' for decision event 'Mainphase' from Alice
2025-12-18 10:24:40,860 - env - INFO - Handling intent 'Pass' for decision event 'Combat' from Alice
2025-12-18 10:24:40,860 - env - INFO - Bob will draw a card for turn
2025-12-18 10:24:40,875 - env - INFO - Handling intent 'Pass' for decision event 'Mainphase' from Bob
2025-12-18 10:24:40,893 - env - INFO - Handling intent 'Pass' for decision event 'Combat' from Bob
2025-12-18 10:24:40,893 - env - INFO - Alice will draw a card for turn
2025-12-18 10:24:40,908 - env - INFO - Handling intent 'Pass' for decision event 'Mainphase' from Alice
2025-12-18 10:24:40,923 - env - INFO - Handling intent 'Pass' for decision event 'Combat' from Alice
2025-12-18 10:24:40,923 - env - INFO - Bob will draw a card for turn
2025-12-18 10:24:40,937 - env - INFO - Handling intent 'Play Creature' for decision event 'Mainphase' from Bob
2025-12-18 10:24:40,952 - env - INFO - Handling intent 'Pass' for decision event 'Combat' from Bob
2025-12-18 10:24:40,952 - env - INFO - Alice will draw a card for turn
2025-12-18 10:24:40,968 - env - INFO - Handling intent 'Pass' for decision event 'Mainphase' from Alice
2025-12-18 10:24:40,984 - env - INFO - Handling intent 'Pass' for decision event 'Combat' from Alice
2025-12-18 10:24:40,984 - env - INFO - Bob will draw a card for turn
2025-12-18 10:24:40,998 - env - INFO - Handling intent 'Pass' for decision event 'Mainphase' from Bob
2025-12-18 10:24:41,014 - env - INFO - Handling intent 'Pass' for decision event 'Combat' from Bob
2025-12-18 10:24:41,015 - env - INFO - Alice will draw a card for turn
2025-12-18 10:24:41,030 - env - INFO - Handling intent 'Pass' for decision event 'Mainphase' from Alice
2025-12-18 10:24:41,045 - env - INFO - Handling intent 'Pass' for decision event 'Combat' from Alice
2025-12-18 10:24:41,045 - env - INFO - Bob will draw a card for turn
2025-12-18 10:24:41,060 - env - INFO - Handling intent 'Play Creature' for decision event 'Mainphase' from Bob
2025-12-18 10:24:41,079 - env - INFO - Handling intent 'Pass' for decision event 'Combat' from Bob
2025-12-18 10:24:41,079 - env - INFO - Alice will draw a card for turn
2025-12-18 10:24:41,095 - env - INFO - Handling intent 'Pass' for decision event 'Mainphase' from Alice
2025-12-18 10:24:41,110 - env - INFO - Handling intent 'Pass' for decision event 'Combat' from Alice
2025-12-18 10:24:41,110 - env - INFO - Bob will draw a card for turn
2025-12-18 10:24:41,124 - env - INFO - Handling intent 'Play Creature' for decision event 'Mainphase' from Bob
2025-12-18 10:24:41,139 - env - INFO - Handling intent 'Attack with All' for decision event 'Combat' from Bob
2025-12-18 10:24:41,139 - env - WARNING - Bob is attacking!
2025-12-18 10:24:41,139 - env - INFO - Alice will draw a card for turn
2025-12-18 10:24:41,153 - env - INFO - Handling intent 'Pass' for decision event 'Mainphase' from Alice
2025-12-18 10:24:41,168 - env - INFO - Handling intent 'Pass' for decision event 'Combat' from Alice
2025-12-18 10:24:41,168 - env - INFO - Bob will draw a card for turn
2025-12-18 10:24:41,184 - env - INFO - Handling intent 'Pass' for decision event 'Mainphase' from Bob
2025-12-18 10:24:41,201 - env - INFO - Handling intent 'Pass' for decision event 'Combat' from Bob
2025-12-18 10:24:41,201 - env - INFO - Alice will draw a card for turn
2025-12-18 10:24:41,217 - env - INFO - Handling intent 'Pass' for decision event 'Mainphase' from Alice
2025-12-18 10:24:41,234 - env - INFO - Handling intent 'Pass' for decision event 'Combat' from Alice
2025-12-18 10:24:41,234 - env - INFO - Bob will draw a card for turn
2025-12-18 10:24:41,249 - env - INFO - Handling intent 'Play Creature' for decision event 'Mainphase' from Bob
2025-12-18 10:24:41,264 - env - INFO - Handling intent 'Pass' for decision event 'Combat' from Bob
2025-12-18 10:24:41,264 - env - INFO - Alice will draw a card for turn
2025-12-18 10:24:41,279 - env - INFO - Handling intent 'Pass' for decision event 'Mainphase' from Alice
2025-12-18 10:24:41,294 - env - INFO - Handling intent 'Pass' for decision event 'Combat' from Alice
2025-12-18 10:24:41,294 - env - INFO - Bob will draw a card for turn
2025-12-18 10:24:41,309 - env - INFO - Handling intent 'Pass' for decision event 'Mainphase' from Bob
2025-12-18 10:24:41,325 - env - INFO - Handling intent 'Pass' for decision event 'Combat' from Bob
2025-12-18 10:24:41,325 - env - INFO - Alice will draw a card for turn
2025-12-18 10:24:41,341 - env - INFO - Handling intent 'Pass' for decision event 'Mainphase' from Alice
2025-12-18 10:24:41,357 - env - INFO - Handling intent 'Pass' for decision event 'Combat' from Alice
2025-12-18 10:24:41,357 - env - INFO - Bob will draw a card for turn
2025-12-18 10:24:41,357 - env - WARNING - Bob died by drawing from an empty library.
2025-12-18 10:24:41,358 - env - INFO - Game ended by death of player(s)
2025-12-18 10:24:41,358 - env - INFO - Alice won by survival
2025-12-18 10:24:41,369 - env - INFO - Setting up the new player Alice
2025-12-18 10:24:41,369 - env - INFO - Setting up the new player Bob
2025-12-18 10:24:41,596 - env - INFO - Handling intent 'Pass' for decision event 'Mainphase' from Alice
2025-12-18 10:24:41,835 - env - INFO - Handling intent 'Pass' for decision event 'Combat' from Alice
2025-12-18 10:24:41,841 - env - INFO - Bob will draw a card for turn
2025-12-18 10:24:42,004 - env - INFO - Handling intent 'Play Creature' for decision event 'Mainphase' from Bob
2025-12-18 10:24:42,022 - env - INFO - Handling intent 'Pass' for decision event 'Combat' from Bob
2025-12-18 10:24:42,022 - env - INFO - Alice will draw a card for turn
2025-12-18 10:24:42,036 - env - INFO - Handling intent 'Pass' for decision event 'Mainphase' from Alice
2025-12-18 10:24:42,051 - env - INFO - Handling intent 'Pass' for decision event 'Combat' from Alice
2025-12-18 10:24:42,051 - env - INFO - Bob will draw a card for turn
2025-12-18 10:24:42,066 - env - INFO - Handling intent 'Pass' for decision event 'Mainphase' from Bob
2025-12-18 10:24:42,081 - env - INFO - Handling intent 'Pass' for decision event 'Combat' from Bob
2025-12-18 10:24:42,081 - env - INFO - Alice will draw a card for turn
2025-12-18 10:24:42,095 - env - INFO - Handling intent 'Pass' for decision event 'Mainphase' from Alice
2025-12-18 10:24:42,110 - env - INFO - Handling intent 'Pass' for decision event 'Combat' from Alice
2025-12-18 10:24:42,110 - env - INFO - Bob will draw a card for turn
2025-12-18 10:24:42,125 - env - INFO - Handling intent 'Play Creature' for decision event 'Mainphase' from Bob
2025-12-18 10:24:42,141 - env - INFO - Handling intent 'Pass' for decision event 'Combat' from Bob
2025-12-18 10:24:42,141 - env - INFO - Alice will draw a card for turn
2025-12-18 10:24:42,156 - env - INFO - Handling intent 'Pass' for decision event 'Mainphase' from Alice
2025-12-18 10:24:42,171 - env - INFO - Handling intent 'Pass' for decision event 'Combat' from Alice
2025-12-18 10:24:42,171 - env - INFO - Bob will draw a card for turn
2025-12-18 10:24:42,187 - env - INFO - Handling intent 'Play Creature' for decision event 'Mainphase' from Bob
2025-12-18 10:24:42,204 - env - INFO - Handling intent 'Attack with All' for decision event 'Combat' from Bob
2025-12-18 10:24:42,204 - env - WARNING - Bob is attacking!
2025-12-18 10:24:42,205 - env - INFO - Alice will draw a card for turn
2025-12-18 10:24:42,222 - env - INFO - Handling intent 'Pass' for decision event 'Mainphase' from Alice
2025-12-18 10:24:42,239 - env - INFO - Handling intent 'Pass' for decision event 'Combat' from Alice
2025-12-18 10:24:42,239 - env - INFO - Bob will draw a card for turn
2025-12-18 10:24:42,257 - env - INFO - Handling intent 'Pass' for decision event 'Mainphase' from Bob
2025-12-18 10:24:42,275 - env - INFO - Handling intent 'Attack with All' for decision event 'Combat' from Bob
2025-12-18 10:24:42,275 - env - WARNING - Bob is attacking!
2025-12-18 10:24:42,275 - env - INFO - Alice will draw a card for turn
2025-12-18 10:24:42,294 - env - INFO - Handling intent 'Pass' for decision event 'Mainphase' from Alice
2025-12-18 10:24:42,311 - env - INFO - Handling intent 'Pass' for decision event 'Combat' from Alice
2025-12-18 10:24:42,311 - env - INFO - Bob will draw a card for turn
2025-12-18 10:24:42,329 - env - INFO - Handling intent 'Pass' for decision event 'Mainphase' from Bob
2025-12-18 10:24:42,347 - env - INFO - Handling intent 'Pass' for decision event 'Combat' from Bob
2025-12-18 10:24:42,347 - env - INFO - Alice will draw a card for turn
2025-12-18 10:24:42,365 - env - INFO - Handling intent 'Pass' for decision event 'Mainphase' from Alice
2025-12-18 10:24:42,382 - env - INFO - Handling intent 'Pass' for decision event 'Combat' from Alice
2025-12-18 10:24:42,382 - env - INFO - Bob will draw a card for turn
2025-12-18 10:24:42,399 - env - INFO - Handling intent 'Pass' for decision event 'Mainphase' from Bob
2025-12-18 10:24:42,414 - env - INFO - Handling intent 'Pass' for decision event 'Combat' from Bob
2025-12-18 10:24:42,414 - env - INFO - Alice will draw a card for turn
2025-12-18 10:24:42,432 - env - INFO - Handling intent 'Pass' for decision event 'Mainphase' from Alice
2025-12-18 10:24:42,448 - env - INFO - Handling intent 'Pass' for decision event 'Combat' from Alice
2025-12-18 10:24:42,448 - env - INFO - Bob will draw a card for turn
2025-12-18 10:24:42,462 - env - INFO - Handling intent 'Play Creature' for decision event 'Mainphase' from Bob
2025-12-18 10:24:42,478 - env - INFO - Handling intent 'Pass' for decision event 'Combat' from Bob
2025-12-18 10:24:42,478 - env - INFO - Alice will draw a card for turn
2025-12-18 10:24:42,494 - env - INFO - Handling intent 'Pass' for decision event 'Mainphase' from Alice
2025-12-18 10:24:42,509 - env - INFO - Handling intent 'Pass' for decision event 'Combat' from Alice
2025-12-18 10:24:42,510 - env - INFO - Bob will draw a card for turn
2025-12-18 10:24:42,527 - env - INFO - Handling intent 'Pass' for decision event 'Mainphase' from Bob
2025-12-18 10:24:42,542 - env - INFO - Handling intent 'Pass' for decision event 'Combat' from Bob
2025-12-18 10:24:42,542 - env - INFO - Alice will draw a card for turn
2025-12-18 10:24:42,557 - env - INFO - Handling intent 'Pass' for decision event 'Mainphase' from Alice
2025-12-18 10:24:42,572 - env - INFO - Handling intent 'Pass' for decision event 'Combat' from Alice
2025-12-18 10:24:42,572 - env - INFO - Bob will draw a card for turn
2025-12-18 10:24:42,587 - env - INFO - Handling intent 'Pass' for decision event 'Mainphase' from Bob
2025-12-18 10:24:42,602 - env - INFO - Handling intent 'Attack with All' for decision event 'Combat' from Bob
2025-12-18 10:24:42,602 - env - WARNING - Bob is attacking!
2025-12-18 10:24:42,603 - env - INFO - Alice will draw a card for turn
2025-12-18 10:24:42,618 - env - INFO - Handling intent 'Pass' for decision event 'Mainphase' from Alice
2025-12-18 10:24:42,634 - env - INFO - Handling intent 'Pass' for decision event 'Combat' from Alice
2025-12-18 10:24:42,635 - env - INFO - Bob will draw a card for turn
2025-12-18 10:24:42,635 - env - WARNING - Bob died by drawing from an empty library.
2025-12-18 10:24:42,635 - env - INFO - Game ended by death of player(s)
2025-12-18 10:24:42,635 - env - INFO - Alice won by survival
