2025-12-18 10:24:28,560 - main - INFO - --------------------------------------------------
2025-12-18 10:24:28,560 - main - INFO - --------------------- Epoch 0---------------------
2025-12-18 10:24:28,560 - main - INFO - --------------------------------------------------
2025-12-18 10:24:28,560 - main - INFO - Setup GameSession
2025-12-18 10:24:29,645 - main - INFO - Started Game
2025-12-18 10:24:29,682 - main - INFO - Trying to seat a new agent at session
2025-12-18 10:24:29,698 - main - INFO - Seated agent at seat 0 with new player Alice
2025-12-18 10:24:29,724 - main - INFO - Trying to seat a new agent at session
2025-12-18 10:24:29,729 - main - INFO - Seated agent at seat 1 with new player Bob
2025-12-18 10:24:29,729 - main - INFO - Random seed for monkey: 1018994243040199388
2025-12-18 10:24:30,762 - main - INFO - Game concluded. Shutting down session!
2025-12-18 10:24:30,762 - main - INFO - Finished Game
2025-12-18 10:24:30,762 - main - INFO - --------------------------------------------------
2025-12-18 10:24:30,762 - main - INFO - --------------------- Epoch 1---------------------
2025-12-18 10:24:30,762 - main - INFO - --------------------------------------------------
2025-12-18 10:24:30,763 - main - INFO - Setup GameSession
2025-12-18 10:24:30,946 - main - INFO - Started Game
2025-12-18 10:24:30,951 - main - INFO - Trying to seat a new agent at session
2025-12-18 10:24:30,956 - main - INFO - Seated agent at seat 0 with new player Alice
2025-12-18 10:24:30,982 - main - INFO - Trying to seat a new agent at session
2025-12-18 10:24:30,982 - main - INFO - Seated agent at seat 1 with new player Bob
2025-12-18 10:24:30,982 - main - INFO - Random seed for monkey: 1741116213984129447
2025-12-18 10:24:31,969 - main - INFO - Game concluded. Shutting down session!
2025-12-18 10:24:31,970 - main - INFO - Finished Game
2025-12-18 10:24:31,970 - main - INFO - --------------------------------------------------
2025-12-18 10:24:31,970 - main - INFO - --------------------- Epoch 2---------------------
2025-12-18 10:24:31,970 - main - INFO - --------------------------------------------------
2025-12-18 10:24:31,970 - main - INFO - Setup GameSession
2025-12-18 10:24:32,172 - main - INFO - Started Game
2025-12-18 10:24:32,177 - main - INFO - Trying to seat a new agent at session
2025-12-18 10:24:32,177 - main - INFO - Seated agent at seat 0 with new player Alice
2025-12-18 10:24:32,228 - main - INFO - Trying to seat a new agent at session
2025-12-18 10:24:32,229 - main - INFO - Seated agent at seat 1 with new player Bob
2025-12-18 10:24:32,229 - main - INFO - Random seed for monkey: 5887477102122819312
2025-12-18 10:24:33,030 - main - INFO - Game concluded. Shutting down session!
2025-12-18 10:24:33,030 - main - INFO - Finished Game
2025-12-18 10:24:33,030 - main - INFO - --------------------------------------------------
2025-12-18 10:24:33,030 - main - INFO - --------------------- Epoch 3---------------------
2025-12-18 10:24:33,030 - main - INFO - --------------------------------------------------
2025-12-18 10:24:33,030 - main - INFO - Setup GameSession
2025-12-18 10:24:33,189 - main - INFO - Started Game
2025-12-18 10:24:33,195 - main - INFO - Trying to seat a new agent at session
2025-12-18 10:24:33,195 - main - INFO - Seated agent at seat 0 with new player Alice
2025-12-18 10:24:33,206 - main - INFO - Trying to seat a new agent at session
2025-12-18 10:24:33,206 - main - INFO - Seated agent at seat 1 with new player Bob
2025-12-18 10:24:33,206 - main - INFO - Random seed for monkey: 1973759415705329183
2025-12-18 10:24:34,333 - main - INFO - Game concluded. Shutting down session!
2025-12-18 10:24:34,334 - main - INFO - Finished Game
2025-12-18 10:24:34,334 - main - INFO - --------------------------------------------------
2025-12-18 10:24:34,334 - main - INFO - --------------------- Epoch 4---------------------
2025-12-18 10:24:34,334 - main - INFO - --------------------------------------------------
2025-12-18 10:24:34,334 - main - INFO - Setup GameSession
2025-12-18 10:24:34,484 - main - INFO - Started Game
2025-12-18 10:24:34,489 - main - INFO - Trying to seat a new agent at session
2025-12-18 10:24:34,495 - main - INFO - Seated agent at seat 0 with new player Alice
2025-12-18 10:24:34,510 - main - INFO - Trying to seat a new agent at session
2025-12-18 10:24:34,516 - main - INFO - Seated agent at seat 1 with new player Bob
2025-12-18 10:24:34,516 - main - INFO - Random seed for monkey: 6872343927938440620
2025-12-18 10:24:35,876 - main - INFO - Game concluded. Shutting down session!
2025-12-18 10:24:35,876 - main - INFO - Finished Game
2025-12-18 10:24:35,876 - main - INFO - --------------------------------------------------
2025-12-18 10:24:35,876 - main - INFO - --------------------- Epoch 5---------------------
2025-12-18 10:24:35,876 - main - INFO - --------------------------------------------------
2025-12-18 10:24:35,876 - main - INFO - Setup GameSession
2025-12-18 10:24:36,032 - main - INFO - Started Game
2025-12-18 10:24:36,038 - main - INFO - Trying to seat a new agent at session
2025-12-18 10:24:36,038 - main - INFO - Seated agent at seat 0 with new player Alice
2025-12-18 10:24:36,064 - main - INFO - Trying to seat a new agent at session
2025-12-18 10:24:36,069 - main - INFO - Seated agent at seat 1 with new player Bob
2025-12-18 10:24:36,074 - main - INFO - Random seed for monkey: 472524581916787933
2025-12-18 10:24:37,267 - main - INFO - Game concluded. Shutting down session!
2025-12-18 10:24:37,267 - main - INFO - Finished Game
2025-12-18 10:24:37,267 - main - INFO - --------------------------------------------------
2025-12-18 10:24:37,267 - main - INFO - --------------------- Epoch 6---------------------
2025-12-18 10:24:37,267 - main - INFO - --------------------------------------------------
2025-12-18 10:24:37,267 - main - INFO - Setup GameSession
2025-12-18 10:24:37,412 - main - INFO - Started Game
2025-12-18 10:24:37,417 - main - INFO - Trying to seat a new agent at session
2025-12-18 10:24:37,423 - main - INFO - Seated agent at seat 0 with new player Alice
2025-12-18 10:24:37,443 - main - INFO - Trying to seat a new agent at session
2025-12-18 10:24:37,444 - main - INFO - Seated agent at seat 1 with new player Bob
2025-12-18 10:24:37,444 - main - INFO - Random seed for monkey: 3752037684039956404
2025-12-18 10:24:38,504 - main - INFO - Game concluded. Shutting down session!
2025-12-18 10:24:38,505 - main - INFO - Finished Game
2025-12-18 10:24:38,505 - main - INFO - --------------------------------------------------
2025-12-18 10:24:38,505 - main - INFO - --------------------- Epoch 7---------------------
2025-12-18 10:24:38,505 - main - INFO - --------------------------------------------------
2025-12-18 10:24:38,505 - main - INFO - Setup GameSession
2025-12-18 10:24:38,653 - main - INFO - Started Game
2025-12-18 10:24:38,659 - main - INFO - Trying to seat a new agent at session
2025-12-18 10:24:38,670 - main - INFO - Seated agent at seat 0 with new player Alice
2025-12-18 10:24:38,690 - main - INFO - Trying to seat a new agent at session
2025-12-18 10:24:38,691 - main - INFO - Seated agent at seat 1 with new player Bob
2025-12-18 10:24:38,691 - main - INFO - Random seed for monkey: 923427493592023089
2025-12-18 10:24:39,839 - main - INFO - Game concluded. Shutting down session!
2025-12-18 10:24:39,839 - main - INFO - Finished Game
2025-12-18 10:24:39,839 - main - INFO - --------------------------------------------------
2025-12-18 10:24:39,839 - main - INFO - --------------------- Epoch 8---------------------
2025-12-18 10:24:39,839 - main - INFO - --------------------------------------------------
2025-12-18 10:24:39,839 - main - INFO - Setup GameSession
2025-12-18 10:24:40,004 - main - INFO - Started Game
2025-12-18 10:24:40,010 - main - INFO - Trying to seat a new agent at session
2025-12-18 10:24:40,010 - main - INFO - Seated agent at seat 0 with new player Alice
2025-12-18 10:24:40,067 - main - INFO - Trying to seat a new agent at session
2025-12-18 10:24:40,067 - main - INFO - Seated agent at seat 1 with new player Bob
2025-12-18 10:24:40,072 - main - INFO - Random seed for monkey: 2666743964855891236
2025-12-18 10:24:41,368 - main - INFO - Game concluded. Shutting down session!
2025-12-18 10:24:41,368 - main - INFO - Finished Game
2025-12-18 10:24:41,368 - main - INFO - --------------------------------------------------
2025-12-18 10:24:41,368 - main - INFO - --------------------- Epoch 9---------------------
2025-12-18 10:24:41,368 - main - INFO - --------------------------------------------------
2025-12-18 10:24:41,368 - main - INFO - Setup GameSession
2025-12-18 10:24:41,538 - main - INFO - Started Game
2025-12-18 10:24:41,544 - main - INFO - Trying to seat a new agent at session
2025-12-18 10:24:41,544 - main - INFO - Seated agent at seat 0 with new player Alice
2025-12-18 10:24:41,575 - main - INFO - Trying to seat a new agent at session
2025-12-18 10:24:41,580 - main - INFO - Seated agent at seat 1 with new player Bob
2025-12-18 10:24:41,580 - main - INFO - Random seed for monkey: 8024367441728636006
2025-12-18 10:24:42,646 - main - INFO - Game concluded. Shutting down session!
2025-12-18 10:24:42,646 - main - INFO - Finished Game
