2026-06-29 18:07:46,955 - dektop-api - DEBUG - Starting Api Thread
2026-06-29 18:07:46,956 - dektop-api - DEBUG - Waiting for prior state to be set
2026-06-29 18:07:46,956 - dektop-api - DEBUG - Current Upcoming Event: PlayerEvent.MAINPHASE_EMPTY_STACK
2026-06-29 18:07:46,956 - dektop-api - DEBUG - Sharing prior state with api
2026-06-29 18:07:46,958 - dektop-api - DEBUG - Trying to access intent queue with 0 element(s)
2026-06-29 18:07:53,110 - dektop-api - DEBUG - Got PLAY_CARD from intent queue with args: [[1]]
2026-06-29 18:07:53,110 - dektop-api - DEBUG - Declaring decision intent from external action
2026-06-29 18:07:53,111 - dektop-api - DEBUG - waiting for response from agent
2026-06-29 18:07:53,115 - dektop-api - DEBUG - Received processing confirmation via update of game state in controller
2026-06-29 18:07:53,115 - dektop-api - DEBUG - Sharing postriori state with api
2026-06-29 18:07:53,118 - dektop-api - DEBUG - Waiting for prior state to be set
2026-06-29 18:07:53,121 - dektop-api - DEBUG - Current Upcoming Event: PlayerEvent.MAINPHASE_EMPTY_STACK
2026-06-29 18:07:53,121 - dektop-api - DEBUG - Sharing prior state with api
2026-06-29 18:07:53,125 - dektop-api - DEBUG - Trying to access intent queue with 0 element(s)
2026-06-29 18:07:54,582 - dektop-api - DEBUG - Got PASS from intent queue with args: None
2026-06-29 18:07:54,582 - dektop-api - DEBUG - Declaring decision intent from external action
2026-06-29 18:07:54,582 - dektop-api - DEBUG - waiting for response from agent
2026-06-29 18:07:54,584 - dektop-api - DEBUG - Received processing confirmation via update of game state in controller
2026-06-29 18:07:54,584 - dektop-api - DEBUG - Sharing postriori state with api
2026-06-29 18:07:54,585 - dektop-api - DEBUG - Waiting for prior state to be set
2026-06-29 18:07:54,586 - dektop-api - DEBUG - Current Upcoming Event: PlayerEvent.DECLARE_ATTACKS
2026-06-29 18:07:54,587 - dektop-api - DEBUG - Sharing prior state with api
2026-06-29 18:07:54,587 - dektop-api - DEBUG - Trying to access intent queue with 0 element(s)
2026-06-29 18:07:55,921 - dektop-api - DEBUG - Got PASS from intent queue with args: None
2026-06-29 18:07:55,922 - dektop-api - DEBUG - Declaring decision intent from external action
2026-06-29 18:07:55,922 - dektop-api - DEBUG - waiting for response from agent
2026-06-29 18:07:55,928 - dektop-api - DEBUG - Received processing confirmation via update of game state in controller
2026-06-29 18:07:55,928 - dektop-api - DEBUG - Sharing postriori state with api
2026-06-29 18:07:55,931 - dektop-api - DEBUG - Waiting for prior state to be set
2026-06-29 18:07:55,947 - dektop-api - DEBUG - Current Upcoming Event: PlayerEvent.MAINPHASE_EMPTY_STACK
2026-06-29 18:07:55,947 - dektop-api - DEBUG - Sharing prior state with api
2026-06-29 18:07:55,949 - dektop-api - DEBUG - Trying to access intent queue with 0 element(s)
2026-06-29 18:07:57,208 - dektop-api - DEBUG - Got PASS from intent queue with args: None
2026-06-29 18:07:57,208 - dektop-api - DEBUG - Declaring decision intent from external action
2026-06-29 18:07:57,208 - dektop-api - DEBUG - waiting for response from agent
2026-06-29 18:07:57,212 - dektop-api - DEBUG - Received processing confirmation via update of game state in controller
2026-06-29 18:07:57,213 - dektop-api - DEBUG - Sharing postriori state with api
2026-06-29 18:07:57,214 - dektop-api - DEBUG - Waiting for prior state to be set
2026-06-29 18:07:57,240 - dektop-api - DEBUG - Current Upcoming Event: PlayerEvent.DECLARE_BLOCKS
2026-06-29 18:07:57,240 - dektop-api - DEBUG - Sharing prior state with api
2026-06-29 18:07:57,242 - dektop-api - DEBUG - Trying to access intent queue with 0 element(s)
2026-06-29 18:07:59,473 - dektop-api - DEBUG - Got PASS from intent queue with args: None
2026-06-29 18:07:59,473 - dektop-api - DEBUG - Declaring decision intent from external action
2026-06-29 18:07:59,473 - dektop-api - DEBUG - waiting for response from agent
2026-06-29 18:07:59,476 - dektop-api - DEBUG - Received processing confirmation via update of game state in controller
2026-06-29 18:07:59,476 - dektop-api - DEBUG - Sharing postriori state with api
2026-06-29 18:07:59,479 - dektop-api - DEBUG - Waiting for prior state to be set
2026-06-29 18:07:59,489 - dektop-api - DEBUG - Current Upcoming Event: PlayerEvent.MAINPHASE_EMPTY_STACK
2026-06-29 18:07:59,489 - dektop-api - DEBUG - Sharing prior state with api
2026-06-29 18:07:59,491 - dektop-api - DEBUG - Trying to access intent queue with 0 element(s)
2026-06-29 18:08:04,716 - dektop-api - DEBUG - Got PLAY_CARD from intent queue with args: [[5]]
2026-06-29 18:08:04,716 - dektop-api - DEBUG - Declaring decision intent from external action
2026-06-29 18:08:04,717 - dektop-api - DEBUG - waiting for response from agent
2026-06-29 18:08:04,719 - dektop-api - DEBUG - Received processing confirmation via update of game state in controller
2026-06-29 18:08:04,719 - dektop-api - DEBUG - Sharing postriori state with api
2026-06-29 18:08:04,721 - dektop-api - DEBUG - Waiting for prior state to be set
2026-06-29 18:08:04,725 - dektop-api - DEBUG - Current Upcoming Event: PlayerEvent.MAINPHASE_EMPTY_STACK
2026-06-29 18:08:04,725 - dektop-api - DEBUG - Sharing prior state with api
2026-06-29 18:08:04,728 - dektop-api - DEBUG - Trying to access intent queue with 0 element(s)
2026-06-29 18:08:06,657 - dektop-api - DEBUG - Got PASS from intent queue with args: None
2026-06-29 18:08:06,657 - dektop-api - DEBUG - Declaring decision intent from external action
2026-06-29 18:08:06,657 - dektop-api - DEBUG - waiting for response from agent
2026-06-29 18:08:06,658 - dektop-api - DEBUG - Received processing confirmation via update of game state in controller
2026-06-29 18:08:06,658 - dektop-api - DEBUG - Sharing postriori state with api
2026-06-29 18:08:06,659 - dektop-api - DEBUG - Waiting for prior state to be set
2026-06-29 18:08:06,660 - dektop-api - DEBUG - Current Upcoming Event: PlayerEvent.DECLARE_ATTACKS
2026-06-29 18:08:06,660 - dektop-api - DEBUG - Sharing prior state with api
2026-06-29 18:08:06,660 - dektop-api - DEBUG - Trying to access intent queue with 0 element(s)
2026-06-29 18:08:09,106 - dektop-api - DEBUG - Got PASS from intent queue with args: None
2026-06-29 18:08:09,106 - dektop-api - DEBUG - Declaring decision intent from external action
2026-06-29 18:08:09,107 - dektop-api - DEBUG - waiting for response from agent
2026-06-29 18:08:09,110 - dektop-api - DEBUG - Received processing confirmation via update of game state in controller
2026-06-29 18:08:09,110 - dektop-api - DEBUG - Sharing postriori state with api
2026-06-29 18:08:09,112 - dektop-api - DEBUG - Waiting for prior state to be set
2026-06-29 18:08:09,121 - dektop-api - DEBUG - Current Upcoming Event: PlayerEvent.MAINPHASE_EMPTY_STACK
2026-06-29 18:08:09,121 - dektop-api - DEBUG - Sharing prior state with api
2026-06-29 18:08:09,123 - dektop-api - DEBUG - Trying to access intent queue with 0 element(s)
2026-06-29 18:08:11,512 - dektop-api - DEBUG - Got PASS from intent queue with args: None
2026-06-29 18:08:11,512 - dektop-api - DEBUG - Declaring decision intent from external action
2026-06-29 18:08:11,512 - dektop-api - DEBUG - waiting for response from agent
2026-06-29 18:08:11,515 - dektop-api - DEBUG - Received processing confirmation via update of game state in controller
2026-06-29 18:08:11,516 - dektop-api - DEBUG - Sharing postriori state with api
2026-06-29 18:08:11,519 - dektop-api - DEBUG - Waiting for prior state to be set
2026-06-29 18:08:11,543 - dektop-api - DEBUG - Current Upcoming Event: PlayerEvent.DECLARE_BLOCKS
2026-06-29 18:08:11,543 - dektop-api - DEBUG - Sharing prior state with api
2026-06-29 18:08:11,545 - dektop-api - DEBUG - Trying to access intent queue with 0 element(s)
2026-06-29 18:08:14,951 - dektop-api - DEBUG - Got PASS from intent queue with args: None
2026-06-29 18:08:14,951 - dektop-api - DEBUG - Declaring decision intent from external action
2026-06-29 18:08:14,951 - dektop-api - DEBUG - waiting for response from agent
2026-06-29 18:08:14,953 - dektop-api - DEBUG - Received processing confirmation via update of game state in controller
2026-06-29 18:08:14,953 - dektop-api - DEBUG - Sharing postriori state with api
2026-06-29 18:08:14,955 - dektop-api - DEBUG - Waiting for prior state to be set
2026-06-29 18:08:14,959 - dektop-api - DEBUG - Current Upcoming Event: PlayerEvent.MAINPHASE_EMPTY_STACK
2026-06-29 18:08:14,959 - dektop-api - DEBUG - Sharing prior state with api
2026-06-29 18:08:14,960 - dektop-api - DEBUG - Trying to access intent queue with 0 element(s)
2026-06-29 18:08:18,529 - dektop-api - DEBUG - Got PLAY_CARD from intent queue with args: [[1]]
2026-06-29 18:08:18,529 - dektop-api - DEBUG - Declaring decision intent from external action
2026-06-29 18:08:18,529 - dektop-api - DEBUG - waiting for response from agent
2026-06-29 18:08:18,531 - dektop-api - DEBUG - Received processing confirmation via update of game state in controller
2026-06-29 18:08:18,531 - dektop-api - DEBUG - Sharing postriori state with api
2026-06-29 18:08:18,533 - dektop-api - DEBUG - Waiting for prior state to be set
2026-06-29 18:08:18,535 - dektop-api - DEBUG - Current Upcoming Event: PlayerEvent.MAINPHASE_EMPTY_STACK
2026-06-29 18:08:18,535 - dektop-api - DEBUG - Sharing prior state with api
2026-06-29 18:08:18,537 - dektop-api - DEBUG - Trying to access intent queue with 0 element(s)
2026-06-29 18:08:20,429 - dektop-api - DEBUG - Got PASS from intent queue with args: None
2026-06-29 18:08:20,429 - dektop-api - DEBUG - Declaring decision intent from external action
2026-06-29 18:08:20,430 - dektop-api - DEBUG - waiting for response from agent
2026-06-29 18:08:20,431 - dektop-api - DEBUG - Received processing confirmation via update of game state in controller
2026-06-29 18:08:20,431 - dektop-api - DEBUG - Sharing postriori state with api
2026-06-29 18:08:20,433 - dektop-api - DEBUG - Waiting for prior state to be set
2026-06-29 18:08:20,435 - dektop-api - DEBUG - Current Upcoming Event: PlayerEvent.DECLARE_ATTACKS
2026-06-29 18:08:20,435 - dektop-api - DEBUG - Sharing prior state with api
2026-06-29 18:08:20,436 - dektop-api - DEBUG - Trying to access intent queue with 0 element(s)
2026-06-29 18:08:21,573 - dektop-api - DEBUG - Got PASS from intent queue with args: None
2026-06-29 18:08:21,573 - dektop-api - DEBUG - Declaring decision intent from external action
2026-06-29 18:08:21,573 - dektop-api - DEBUG - waiting for response from agent
2026-06-29 18:08:21,575 - dektop-api - DEBUG - Received processing confirmation via update of game state in controller
2026-06-29 18:08:21,575 - dektop-api - DEBUG - Sharing postriori state with api
2026-06-29 18:08:21,576 - dektop-api - DEBUG - Waiting for prior state to be set
2026-06-29 18:08:21,582 - dektop-api - DEBUG - Current Upcoming Event: PlayerEvent.MAINPHASE_EMPTY_STACK
2026-06-29 18:08:21,582 - dektop-api - DEBUG - Sharing prior state with api
2026-06-29 18:08:21,584 - dektop-api - DEBUG - Trying to access intent queue with 0 element(s)
2026-06-29 18:08:23,222 - dektop-api - DEBUG - Got PASS from intent queue with args: None
2026-06-29 18:08:23,223 - dektop-api - DEBUG - Declaring decision intent from external action
2026-06-29 18:08:23,223 - dektop-api - DEBUG - waiting for response from agent
2026-06-29 18:08:23,225 - dektop-api - DEBUG - Received processing confirmation via update of game state in controller
2026-06-29 18:08:23,225 - dektop-api - DEBUG - Sharing postriori state with api
2026-06-29 18:08:23,226 - dektop-api - DEBUG - Waiting for prior state to be set
2026-06-29 18:08:23,242 - dektop-api - DEBUG - Current Upcoming Event: PlayerEvent.DECLARE_BLOCKS
2026-06-29 18:08:23,242 - dektop-api - DEBUG - Sharing prior state with api
2026-06-29 18:08:23,243 - dektop-api - DEBUG - Trying to access intent queue with 0 element(s)
2026-06-29 18:08:29,261 - dektop-api - DEBUG - Got PASS from intent queue with args: None
2026-06-29 18:08:29,261 - dektop-api - DEBUG - Declaring decision intent from external action
2026-06-29 18:08:29,261 - dektop-api - DEBUG - waiting for response from agent
2026-06-29 18:08:29,264 - dektop-api - DEBUG - Received processing confirmation via update of game state in controller
2026-06-29 18:08:29,264 - dektop-api - DEBUG - Sharing postriori state with api
2026-06-29 18:08:29,265 - dektop-api - DEBUG - Waiting for prior state to be set
2026-06-29 18:08:29,271 - dektop-api - DEBUG - Current Upcoming Event: PlayerEvent.MAINPHASE_EMPTY_STACK
2026-06-29 18:08:29,272 - dektop-api - DEBUG - Sharing prior state with api
2026-06-29 18:08:29,274 - dektop-api - DEBUG - Trying to access intent queue with 0 element(s)
2026-06-29 18:08:41,950 - dektop-api - DEBUG - Got PLAY_CARD from intent queue with args: [[4]]
2026-06-29 18:08:41,950 - dektop-api - DEBUG - Declaring decision intent from external action
2026-06-29 18:08:41,951 - dektop-api - DEBUG - waiting for response from agent
2026-06-29 18:08:41,952 - dektop-api - DEBUG - Received processing confirmation via update of game state in controller
2026-06-29 18:08:41,952 - dektop-api - DEBUG - Sharing postriori state with api
2026-06-29 18:08:41,954 - dektop-api - DEBUG - Waiting for prior state to be set
2026-06-29 18:08:41,956 - dektop-api - DEBUG - Current Upcoming Event: PlayerEvent.MAINPHASE_EMPTY_STACK
2026-06-29 18:08:41,956 - dektop-api - DEBUG - Sharing prior state with api
2026-06-29 18:08:41,957 - dektop-api - DEBUG - Trying to access intent queue with 0 element(s)
2026-06-29 18:08:54,487 - dektop-api - DEBUG - Got ACTIVATE_LANDS from intent queue with args: [[0]
 [1]
 [2]
 [3]]
2026-06-29 18:08:54,487 - dektop-api - DEBUG - Declaring decision intent from external action
2026-06-29 18:08:54,487 - dektop-api - DEBUG - waiting for response from agent
2026-06-29 18:08:54,489 - dektop-api - DEBUG - Received processing confirmation via update of game state in controller
2026-06-29 18:08:54,489 - dektop-api - DEBUG - Sharing postriori state with api
2026-06-29 18:08:54,491 - dektop-api - DEBUG - Waiting for prior state to be set
2026-06-29 18:08:54,492 - dektop-api - DEBUG - Current Upcoming Event: PlayerEvent.MAINPHASE_EMPTY_STACK
2026-06-29 18:08:54,492 - dektop-api - DEBUG - Sharing prior state with api
2026-06-29 18:08:54,493 - dektop-api - DEBUG - Trying to access intent queue with 0 element(s)
2026-06-29 18:09:00,590 - dektop-api - DEBUG - Got PLAY_CARD from intent queue with args: [[3]]
2026-06-29 18:09:00,591 - dektop-api - DEBUG - Declaring decision intent from external action
2026-06-29 18:09:00,591 - dektop-api - DEBUG - waiting for response from agent
2026-06-29 18:09:00,593 - dektop-api - DEBUG - Received processing confirmation via update of game state in controller
2026-06-29 18:09:00,593 - dektop-api - DEBUG - Sharing postriori state with api
2026-06-29 18:09:00,594 - dektop-api - DEBUG - Waiting for prior state to be set
2026-06-29 18:09:00,595 - dektop-api - DEBUG - Current Upcoming Event: PlayerEvent.MAINPHASE_EMPTY_STACK
2026-06-29 18:09:00,595 - dektop-api - DEBUG - Sharing prior state with api
2026-06-29 18:09:00,596 - dektop-api - DEBUG - Trying to access intent queue with 0 element(s)
2026-06-29 18:10:23,656 - dektop-api - DEBUG - Got PASS from intent queue with args: None
2026-06-29 18:10:23,656 - dektop-api - DEBUG - Declaring decision intent from external action
2026-06-29 18:10:23,656 - dektop-api - DEBUG - waiting for response from agent
2026-06-29 18:10:23,658 - dektop-api - DEBUG - Received processing confirmation via update of game state in controller
2026-06-29 18:10:23,658 - dektop-api - DEBUG - Sharing postriori state with api
2026-06-29 18:10:23,659 - dektop-api - DEBUG - Waiting for prior state to be set
2026-06-29 18:10:23,661 - dektop-api - DEBUG - Current Upcoming Event: PlayerEvent.DECLARE_ATTACKS
2026-06-29 18:10:23,661 - dektop-api - DEBUG - Sharing prior state with api
2026-06-29 18:10:23,663 - dektop-api - DEBUG - Trying to access intent queue with 0 element(s)
2026-06-29 18:10:25,279 - dektop-api - DEBUG - Got PASS from intent queue with args: None
2026-06-29 18:10:25,279 - dektop-api - DEBUG - Declaring decision intent from external action
2026-06-29 18:10:25,279 - dektop-api - DEBUG - waiting for response from agent
2026-06-29 18:10:25,281 - dektop-api - DEBUG - Received processing confirmation via update of game state in controller
2026-06-29 18:10:25,281 - dektop-api - DEBUG - Sharing postriori state with api
2026-06-29 18:10:25,282 - dektop-api - DEBUG - Waiting for prior state to be set
2026-06-29 18:10:25,288 - dektop-api - DEBUG - Current Upcoming Event: PlayerEvent.MAINPHASE_EMPTY_STACK
2026-06-29 18:10:25,289 - dektop-api - DEBUG - Sharing prior state with api
2026-06-29 18:10:25,290 - dektop-api - DEBUG - Trying to access intent queue with 0 element(s)
2026-06-29 18:10:27,752 - dektop-api - DEBUG - Got PASS from intent queue with args: None
2026-06-29 18:10:27,752 - dektop-api - DEBUG - Declaring decision intent from external action
2026-06-29 18:10:27,752 - dektop-api - DEBUG - waiting for response from agent
2026-06-29 18:10:27,754 - dektop-api - DEBUG - Received processing confirmation via update of game state in controller
2026-06-29 18:10:27,754 - dektop-api - DEBUG - Sharing postriori state with api
2026-06-29 18:10:27,756 - dektop-api - DEBUG - Waiting for prior state to be set
2026-06-29 18:10:27,773 - dektop-api - DEBUG - Current Upcoming Event: PlayerEvent.DECLARE_BLOCKS
2026-06-29 18:10:27,774 - dektop-api - DEBUG - Sharing prior state with api
2026-06-29 18:10:27,775 - dektop-api - DEBUG - Trying to access intent queue with 0 element(s)
2026-06-29 18:13:04,835 - dektop-api - DEBUG - Got BLOCK from intent queue with args: [[0 0]]
2026-06-29 18:13:04,835 - dektop-api - DEBUG - Declaring decision intent from external action
2026-06-29 18:13:04,836 - dektop-api - DEBUG - waiting for response from agent
2026-06-29 18:13:04,837 - dektop-api - DEBUG - Received processing confirmation via update of game state in controller
2026-06-29 18:13:04,838 - dektop-api - DEBUG - Sharing postriori state with api
2026-06-29 18:13:04,840 - dektop-api - DEBUG - Waiting for prior state to be set
2026-06-29 18:13:04,844 - dektop-api - DEBUG - Current Upcoming Event: PlayerEvent.MAINPHASE_EMPTY_STACK
2026-06-29 18:13:04,844 - dektop-api - DEBUG - Sharing prior state with api
2026-06-29 18:13:04,844 - dektop-api - DEBUG - Trying to access intent queue with 0 element(s)
2026-06-29 18:13:11,127 - dektop-api - DEBUG - Got PASS from intent queue with args: None
2026-06-29 18:13:11,127 - dektop-api - DEBUG - Declaring decision intent from external action
2026-06-29 18:13:11,127 - dektop-api - DEBUG - waiting for response from agent
2026-06-29 18:13:11,128 - dektop-api - DEBUG - Received processing confirmation via update of game state in controller
2026-06-29 18:13:11,129 - dektop-api - DEBUG - Sharing postriori state with api
2026-06-29 18:13:11,130 - dektop-api - DEBUG - Waiting for prior state to be set
2026-06-29 18:13:11,132 - dektop-api - DEBUG - Current Upcoming Event: PlayerEvent.DECLARE_ATTACKS
2026-06-29 18:13:11,132 - dektop-api - DEBUG - Sharing prior state with api
2026-06-29 18:13:11,133 - dektop-api - DEBUG - Trying to access intent queue with 0 element(s)
2026-06-29 18:13:13,523 - dektop-api - DEBUG - Got ATTACK from intent queue with args: [[0]]
2026-06-29 18:13:13,523 - dektop-api - DEBUG - Declaring decision intent from external action
2026-06-29 18:13:13,523 - dektop-api - DEBUG - waiting for response from agent
2026-06-29 18:13:13,525 - dektop-api - DEBUG - Received processing confirmation via update of game state in controller
2026-06-29 18:13:13,525 - dektop-api - DEBUG - Sharing postriori state with api
2026-06-29 18:13:13,527 - dektop-api - DEBUG - Waiting for prior state to be set
2026-06-29 18:13:13,533 - dektop-api - DEBUG - Current Upcoming Event: PlayerEvent.MAINPHASE_EMPTY_STACK
2026-06-29 18:13:13,533 - dektop-api - DEBUG - Sharing prior state with api
2026-06-29 18:13:13,535 - dektop-api - DEBUG - Trying to access intent queue with 0 element(s)
2026-06-29 18:13:40,104 - dektop-api - DEBUG - Got ACTIVATE_LANDS from intent queue with args: [[0]
 [1]
 [2]
 [3]]
2026-06-29 18:13:40,104 - dektop-api - DEBUG - Declaring decision intent from external action
2026-06-29 18:13:40,104 - dektop-api - DEBUG - waiting for response from agent
2026-06-29 18:13:40,106 - dektop-api - DEBUG - Received processing confirmation via update of game state in controller
2026-06-29 18:13:40,106 - dektop-api - DEBUG - Sharing postriori state with api
2026-06-29 18:13:40,107 - dektop-api - DEBUG - Waiting for prior state to be set
2026-06-29 18:13:40,109 - dektop-api - DEBUG - Current Upcoming Event: PlayerEvent.MAINPHASE_EMPTY_STACK
2026-06-29 18:13:40,109 - dektop-api - DEBUG - Sharing prior state with api
2026-06-29 18:13:40,110 - dektop-api - DEBUG - Trying to access intent queue with 0 element(s)
2026-06-29 18:14:02,960 - dektop-api - DEBUG - Got PLAY_CARD from intent queue with args: [[0]]
2026-06-29 18:14:02,960 - dektop-api - DEBUG - Declaring decision intent from external action
2026-06-29 18:14:02,960 - dektop-api - DEBUG - waiting for response from agent
2026-06-29 18:14:02,962 - dektop-api - DEBUG - Received processing confirmation via update of game state in controller
2026-06-29 18:14:02,962 - dektop-api - DEBUG - Sharing postriori state with api
2026-06-29 18:14:02,963 - dektop-api - DEBUG - Waiting for prior state to be set
2026-06-29 18:14:02,965 - dektop-api - DEBUG - Current Upcoming Event: PlayerEvent.MAINPHASE_EMPTY_STACK
2026-06-29 18:14:02,965 - dektop-api - DEBUG - Sharing prior state with api
2026-06-29 18:14:02,966 - dektop-api - DEBUG - Trying to access intent queue with 0 element(s)
2026-06-29 18:14:05,254 - dektop-api - DEBUG - Got PASS from intent queue with args: None
2026-06-29 18:14:05,254 - dektop-api - DEBUG - Declaring decision intent from external action
2026-06-29 18:14:05,254 - dektop-api - DEBUG - waiting for response from agent
2026-06-29 18:14:05,255 - dektop-api - DEBUG - Received processing confirmation via update of game state in controller
2026-06-29 18:14:05,256 - dektop-api - DEBUG - Sharing postriori state with api
2026-06-29 18:14:05,257 - dektop-api - DEBUG - Waiting for prior state to be set
2026-06-29 18:14:05,279 - dektop-api - DEBUG - Current Upcoming Event: PlayerEvent.DECLARE_BLOCKS
2026-06-29 18:14:05,279 - dektop-api - DEBUG - Sharing prior state with api
2026-06-29 18:14:05,279 - dektop-api - DEBUG - Trying to access intent queue with 0 element(s)
2026-06-29 18:14:10,161 - dektop-api - DEBUG - Got BLOCK from intent queue with args: [[1 0]]
2026-06-29 18:14:10,161 - dektop-api - DEBUG - Declaring decision intent from external action
2026-06-29 18:14:10,161 - dektop-api - DEBUG - waiting for response from agent
2026-06-29 18:14:10,163 - dektop-api - DEBUG - Received processing confirmation via update of game state in controller
2026-06-29 18:14:10,163 - dektop-api - DEBUG - Sharing postriori state with api
2026-06-29 18:14:10,164 - dektop-api - DEBUG - Waiting for prior state to be set
2026-06-29 18:14:10,169 - dektop-api - DEBUG - Current Upcoming Event: PlayerEvent.MAINPHASE_EMPTY_STACK
2026-06-29 18:14:10,169 - dektop-api - DEBUG - Sharing prior state with api
2026-06-29 18:14:10,170 - dektop-api - DEBUG - Trying to access intent queue with 0 element(s)
2026-06-29 18:15:02,257 - dektop-api - DEBUG - Got PASS from intent queue with args: None
2026-06-29 18:15:02,257 - dektop-api - DEBUG - Declaring decision intent from external action
2026-06-29 18:15:02,257 - dektop-api - DEBUG - waiting for response from agent
2026-06-29 18:15:02,258 - dektop-api - DEBUG - Received processing confirmation via update of game state in controller
2026-06-29 18:15:02,258 - dektop-api - DEBUG - Sharing postriori state with api
2026-06-29 18:15:02,259 - dektop-api - DEBUG - Waiting for prior state to be set
2026-06-29 18:15:02,260 - dektop-api - DEBUG - Current Upcoming Event: PlayerEvent.DECLARE_ATTACKS
2026-06-29 18:15:02,261 - dektop-api - DEBUG - Sharing prior state with api
2026-06-29 18:15:02,262 - dektop-api - DEBUG - Trying to access intent queue with 0 element(s)
2026-06-29 18:15:06,717 - dektop-api - DEBUG - Got ATTACK from intent queue with args: [[1]
 [0]]
2026-06-29 18:15:06,717 - dektop-api - DEBUG - Declaring decision intent from external action
2026-06-29 18:15:06,717 - dektop-api - DEBUG - waiting for response from agent
2026-06-29 18:15:06,720 - dektop-api - DEBUG - Received processing confirmation via update of game state in controller
2026-06-29 18:15:06,720 - dektop-api - DEBUG - Sharing postriori state with api
2026-06-29 18:15:06,721 - dektop-api - DEBUG - Waiting for prior state to be set
2026-06-29 18:15:06,726 - dektop-api - DEBUG - Current Upcoming Event: PlayerEvent.MAINPHASE_EMPTY_STACK
2026-06-29 18:15:06,727 - dektop-api - DEBUG - Sharing prior state with api
2026-06-29 18:15:06,729 - dektop-api - DEBUG - Trying to access intent queue with 0 element(s)
2026-06-29 18:15:13,536 - dektop-api - DEBUG - Got ACTIVATE_LANDS from intent queue with args: [[0]
 [1]]
2026-06-29 18:15:13,536 - dektop-api - DEBUG - Declaring decision intent from external action
2026-06-29 18:15:13,536 - dektop-api - DEBUG - waiting for response from agent
2026-06-29 18:15:13,539 - dektop-api - DEBUG - Received processing confirmation via update of game state in controller
2026-06-29 18:15:13,539 - dektop-api - DEBUG - Sharing postriori state with api
2026-06-29 18:15:13,541 - dektop-api - DEBUG - Waiting for prior state to be set
2026-06-29 18:15:13,543 - dektop-api - DEBUG - Current Upcoming Event: PlayerEvent.MAINPHASE_EMPTY_STACK
2026-06-29 18:15:13,543 - dektop-api - DEBUG - Sharing prior state with api
2026-06-29 18:15:13,545 - dektop-api - DEBUG - Trying to access intent queue with 0 element(s)
2026-06-29 18:15:17,614 - dektop-api - DEBUG - Got PLAY_CARD from intent queue with args: [[3]]
2026-06-29 18:15:17,614 - dektop-api - DEBUG - Declaring decision intent from external action
2026-06-29 18:15:17,614 - dektop-api - DEBUG - waiting for response from agent
2026-06-29 18:15:17,617 - dektop-api - DEBUG - Received processing confirmation via update of game state in controller
2026-06-29 18:15:17,617 - dektop-api - DEBUG - Sharing postriori state with api
2026-06-29 18:15:17,618 - dektop-api - DEBUG - Waiting for prior state to be set
2026-06-29 18:15:17,621 - dektop-api - DEBUG - Current Upcoming Event: PlayerEvent.MAINPHASE_EMPTY_STACK
2026-06-29 18:15:17,621 - dektop-api - DEBUG - Sharing prior state with api
2026-06-29 18:15:17,623 - dektop-api - DEBUG - Trying to access intent queue with 0 element(s)
2026-06-29 18:15:23,995 - dektop-api - DEBUG - Got ACTIVATE_LANDS from intent queue with args: [[3]
 [2]]
2026-06-29 18:15:23,995 - dektop-api - DEBUG - Declaring decision intent from external action
2026-06-29 18:15:23,995 - dektop-api - DEBUG - waiting for response from agent
2026-06-29 18:15:23,996 - dektop-api - DEBUG - Received processing confirmation via update of game state in controller
2026-06-29 18:15:23,996 - dektop-api - DEBUG - Sharing postriori state with api
2026-06-29 18:15:23,998 - dektop-api - DEBUG - Waiting for prior state to be set
2026-06-29 18:15:24,000 - dektop-api - DEBUG - Current Upcoming Event: PlayerEvent.MAINPHASE_EMPTY_STACK
2026-06-29 18:15:24,000 - dektop-api - DEBUG - Sharing prior state with api
2026-06-29 18:15:24,002 - dektop-api - DEBUG - Trying to access intent queue with 0 element(s)
2026-06-29 18:15:27,093 - dektop-api - DEBUG - Got PLAY_CARD from intent queue with args: [[3]]
2026-06-29 18:15:27,093 - dektop-api - DEBUG - Declaring decision intent from external action
2026-06-29 18:15:27,093 - dektop-api - DEBUG - waiting for response from agent
2026-06-29 18:15:27,095 - dektop-api - DEBUG - Received processing confirmation via update of game state in controller
2026-06-29 18:15:27,095 - dektop-api - DEBUG - Sharing postriori state with api
2026-06-29 18:15:27,097 - dektop-api - DEBUG - Waiting for prior state to be set
2026-06-29 18:15:27,099 - dektop-api - DEBUG - Current Upcoming Event: PlayerEvent.MAINPHASE_EMPTY_STACK
2026-06-29 18:15:27,099 - dektop-api - DEBUG - Sharing prior state with api
2026-06-29 18:15:27,102 - dektop-api - DEBUG - Trying to access intent queue with 0 element(s)
2026-06-29 18:15:29,032 - dektop-api - DEBUG - Got PASS from intent queue with args: None
2026-06-29 18:15:29,032 - dektop-api - DEBUG - Declaring decision intent from external action
2026-06-29 18:15:29,033 - dektop-api - DEBUG - waiting for response from agent
2026-06-29 18:15:29,035 - dektop-api - DEBUG - Received processing confirmation via update of game state in controller
2026-06-29 18:15:29,035 - dektop-api - DEBUG - Sharing postriori state with api
2026-06-29 18:15:29,037 - dektop-api - DEBUG - Waiting for prior state to be set
2026-06-29 18:15:29,048 - dektop-api - DEBUG - Current Upcoming Event: PlayerEvent.DECLARE_BLOCKS
2026-06-29 18:15:29,048 - dektop-api - DEBUG - Sharing prior state with api
2026-06-29 18:15:29,054 - dektop-api - DEBUG - Trying to access intent queue with 0 element(s)
2026-06-29 18:15:32,936 - dektop-api - DEBUG - Got BLOCK from intent queue with args: [[2 0]]
2026-06-29 18:15:32,936 - dektop-api - DEBUG - Declaring decision intent from external action
2026-06-29 18:15:32,936 - dektop-api - DEBUG - waiting for response from agent
2026-06-29 18:15:32,938 - dektop-api - DEBUG - Received processing confirmation via update of game state in controller
2026-06-29 18:15:32,938 - dektop-api - DEBUG - Sharing postriori state with api
2026-06-29 18:15:32,939 - dektop-api - DEBUG - Waiting for prior state to be set
2026-06-29 18:15:32,943 - dektop-api - DEBUG - Current Upcoming Event: PlayerEvent.MAINPHASE_EMPTY_STACK
2026-06-29 18:15:32,943 - dektop-api - DEBUG - Sharing prior state with api
2026-06-29 18:15:32,944 - dektop-api - DEBUG - Trying to access intent queue with 0 element(s)
2026-06-29 18:15:44,280 - dektop-api - DEBUG - Got PASS from intent queue with args: None
2026-06-29 18:15:44,280 - dektop-api - DEBUG - Declaring decision intent from external action
2026-06-29 18:15:44,280 - dektop-api - DEBUG - waiting for response from agent
2026-06-29 18:15:44,281 - dektop-api - DEBUG - Received processing confirmation via update of game state in controller
2026-06-29 18:15:44,281 - dektop-api - DEBUG - Sharing postriori state with api
2026-06-29 18:15:44,282 - dektop-api - DEBUG - Waiting for prior state to be set
2026-06-29 18:15:44,285 - dektop-api - DEBUG - Current Upcoming Event: PlayerEvent.DECLARE_ATTACKS
2026-06-29 18:15:44,285 - dektop-api - DEBUG - Sharing prior state with api
2026-06-29 18:15:44,286 - dektop-api - DEBUG - Trying to access intent queue with 0 element(s)
2026-06-29 18:15:49,767 - dektop-api - DEBUG - Got ATTACK from intent queue with args: [[0]
 [1]]
2026-06-29 18:15:49,768 - dektop-api - DEBUG - Declaring decision intent from external action
2026-06-29 18:15:49,768 - dektop-api - DEBUG - waiting for response from agent
2026-06-29 18:15:49,770 - dektop-api - DEBUG - Received processing confirmation via update of game state in controller
2026-06-29 18:15:49,770 - dektop-api - DEBUG - Sharing postriori state with api
2026-06-29 18:15:49,772 - dektop-api - DEBUG - Waiting for prior state to be set
