2026-06-29 18:07:46,845 - Opp-RulesBased - DEBUG - Opp-RulesBased: Waiting for my turn to act. (Signaled by session setting prior_state)
2026-06-29 18:07:55,937 - Opp-RulesBased - INFO - Opp-RulesBased: Thinking on next event 'DECLARE_BLOCKS'.
2026-06-29 18:07:55,938 - Opp-RulesBased - INFO - Opp-RulesBased: Decided on action 'None'.
2026-06-29 18:07:55,938 - Opp-RulesBased - INFO - Opp-RulesBased: Set intent in controller
2026-06-29 18:07:55,943 - Opp-RulesBased - DEBUG - Opp-RulesBased: Waiting for response from game session.
2026-06-29 18:07:55,943 - Opp-RulesBased - DEBUG - Opp-RulesBased: Waiting for my turn to act. (Signaled by session setting prior_state)
2026-06-29 18:07:57,219 - Opp-RulesBased - INFO - Opp-RulesBased: Thinking on next event 'MAINPHASE_EMPTY_STACK'.
2026-06-29 18:07:57,219 - Opp-RulesBased - INFO - Opp-RulesBased: Decided on action 'None'.
2026-06-29 18:07:57,220 - Opp-RulesBased - INFO - Opp-RulesBased: Set intent in controller
2026-06-29 18:07:57,220 - Opp-RulesBased - DEBUG - Opp-RulesBased: Waiting for response from game session.
2026-06-29 18:07:57,221 - Opp-RulesBased - DEBUG - Opp-RulesBased: Waiting for my turn to act. (Signaled by session setting prior_state)
2026-06-29 18:07:57,223 - Opp-RulesBased - INFO - Opp-RulesBased: Thinking on next event 'MAINPHASE_EMPTY_STACK'.
2026-06-29 18:07:57,225 - Opp-RulesBased - INFO - Opp-RulesBased: Decided on action 'None'.
2026-06-29 18:07:57,225 - Opp-RulesBased - INFO - Opp-RulesBased: Set intent in controller
2026-06-29 18:07:57,227 - Opp-RulesBased - DEBUG - Opp-RulesBased: Waiting for response from game session.
2026-06-29 18:07:57,227 - Opp-RulesBased - DEBUG - Opp-RulesBased: Waiting for my turn to act. (Signaled by session setting prior_state)
2026-06-29 18:07:57,233 - Opp-RulesBased - INFO - Opp-RulesBased: Thinking on next event 'MAINPHASE_EMPTY_STACK'.
2026-06-29 18:07:57,233 - Opp-RulesBased - INFO - Opp-RulesBased: Decided on action 'None'.
2026-06-29 18:07:57,233 - Opp-RulesBased - INFO - Opp-RulesBased: Set intent in controller
2026-06-29 18:07:57,234 - Opp-RulesBased - DEBUG - Opp-RulesBased: Waiting for response from game session.
2026-06-29 18:07:57,234 - Opp-RulesBased - DEBUG - Opp-RulesBased: Waiting for my turn to act. (Signaled by session setting prior_state)
2026-06-29 18:07:57,236 - Opp-RulesBased - INFO - Opp-RulesBased: Thinking on next event 'DECLARE_ATTACKS'.
2026-06-29 18:07:57,236 - Opp-RulesBased - INFO - Opp-RulesBased: Decided on action 'None'.
2026-06-29 18:07:57,236 - Opp-RulesBased - INFO - Opp-RulesBased: Set intent in controller
2026-06-29 18:07:57,237 - Opp-RulesBased - DEBUG - Opp-RulesBased: Waiting for response from game session.
2026-06-29 18:07:57,237 - Opp-RulesBased - DEBUG - Opp-RulesBased: Waiting for my turn to act. (Signaled by session setting prior_state)
2026-06-29 18:07:59,481 - Opp-RulesBased - INFO - Opp-RulesBased: Thinking on next event 'MAINPHASE_EMPTY_STACK'.
2026-06-29 18:07:59,481 - Opp-RulesBased - INFO - Opp-RulesBased: Decided on action 'None'.
2026-06-29 18:07:59,482 - Opp-RulesBased - INFO - Opp-RulesBased: Set intent in controller
2026-06-29 18:07:59,484 - Opp-RulesBased - DEBUG - Opp-RulesBased: Waiting for response from game session.
2026-06-29 18:07:59,484 - Opp-RulesBased - DEBUG - Opp-RulesBased: Waiting for my turn to act. (Signaled by session setting prior_state)
2026-06-29 18:08:09,115 - Opp-RulesBased - INFO - Opp-RulesBased: Thinking on next event 'DECLARE_BLOCKS'.
2026-06-29 18:08:09,115 - Opp-RulesBased - INFO - Opp-RulesBased: Decided on action 'None'.
2026-06-29 18:08:09,116 - Opp-RulesBased - INFO - Opp-RulesBased: Set intent in controller
2026-06-29 18:08:09,117 - Opp-RulesBased - DEBUG - Opp-RulesBased: Waiting for response from game session.
2026-06-29 18:08:09,118 - Opp-RulesBased - DEBUG - Opp-RulesBased: Waiting for my turn to act. (Signaled by session setting prior_state)
2026-06-29 18:08:11,523 - Opp-RulesBased - INFO - Opp-RulesBased: Thinking on next event 'MAINPHASE_EMPTY_STACK'.
2026-06-29 18:08:11,524 - Opp-RulesBased - INFO - Opp-RulesBased: Decided on action 'None'.
2026-06-29 18:08:11,524 - Opp-RulesBased - INFO - Opp-RulesBased: Set intent in controller
2026-06-29 18:08:11,525 - Opp-RulesBased - DEBUG - Opp-RulesBased: Waiting for response from game session.
2026-06-29 18:08:11,526 - Opp-RulesBased - DEBUG - Opp-RulesBased: Waiting for my turn to act. (Signaled by session setting prior_state)
2026-06-29 18:08:11,527 - Opp-RulesBased - INFO - Opp-RulesBased: Thinking on next event 'MAINPHASE_EMPTY_STACK'.
2026-06-29 18:08:11,527 - Opp-RulesBased - INFO - Opp-RulesBased: Decided on action 'None'.
2026-06-29 18:08:11,528 - Opp-RulesBased - INFO - Opp-RulesBased: Set intent in controller
2026-06-29 18:08:11,529 - Opp-RulesBased - DEBUG - Opp-RulesBased: Waiting for response from game session.
2026-06-29 18:08:11,530 - Opp-RulesBased - DEBUG - Opp-RulesBased: Waiting for my turn to act. (Signaled by session setting prior_state)
2026-06-29 18:08:11,532 - Opp-RulesBased - INFO - Opp-RulesBased: Thinking on next event 'MAINPHASE_EMPTY_STACK'.
2026-06-29 18:08:11,532 - Opp-RulesBased - INFO - Opp-RulesBased: Decided on action 'None'.
2026-06-29 18:08:11,532 - Opp-RulesBased - INFO - Opp-RulesBased: Set intent in controller
2026-06-29 18:08:11,533 - Opp-RulesBased - DEBUG - Opp-RulesBased: Waiting for response from game session.
2026-06-29 18:08:11,533 - Opp-RulesBased - DEBUG - Opp-RulesBased: Waiting for my turn to act. (Signaled by session setting prior_state)
2026-06-29 18:08:11,535 - Opp-RulesBased - INFO - Opp-RulesBased: Thinking on next event 'MAINPHASE_EMPTY_STACK'.
2026-06-29 18:08:11,535 - Opp-RulesBased - INFO - Opp-RulesBased: Decided on action 'None'.
2026-06-29 18:08:11,535 - Opp-RulesBased - INFO - Opp-RulesBased: Set intent in controller
2026-06-29 18:08:11,536 - Opp-RulesBased - DEBUG - Opp-RulesBased: Waiting for response from game session.
2026-06-29 18:08:11,536 - Opp-RulesBased - DEBUG - Opp-RulesBased: Waiting for my turn to act. (Signaled by session setting prior_state)
2026-06-29 18:08:11,538 - Opp-RulesBased - INFO - Opp-RulesBased: Thinking on next event 'DECLARE_ATTACKS'.
2026-06-29 18:08:11,539 - Opp-RulesBased - INFO - Opp-RulesBased: Decided on action 'None'.
2026-06-29 18:08:11,540 - Opp-RulesBased - INFO - Opp-RulesBased: Set intent in controller
2026-06-29 18:08:11,541 - Opp-RulesBased - DEBUG - Opp-RulesBased: Waiting for response from game session.
2026-06-29 18:08:11,541 - Opp-RulesBased - DEBUG - Opp-RulesBased: Waiting for my turn to act. (Signaled by session setting prior_state)
2026-06-29 18:08:14,956 - Opp-RulesBased - INFO - Opp-RulesBased: Thinking on next event 'MAINPHASE_EMPTY_STACK'.
2026-06-29 18:08:14,956 - Opp-RulesBased - INFO - Opp-RulesBased: Decided on action 'None'.
2026-06-29 18:08:14,957 - Opp-RulesBased - INFO - Opp-RulesBased: Set intent in controller
2026-06-29 18:08:14,957 - Opp-RulesBased - DEBUG - Opp-RulesBased: Waiting for response from game session.
2026-06-29 18:08:14,957 - Opp-RulesBased - DEBUG - Opp-RulesBased: Waiting for my turn to act. (Signaled by session setting prior_state)
2026-06-29 18:08:21,578 - Opp-RulesBased - INFO - Opp-RulesBased: Thinking on next event 'DECLARE_BLOCKS'.
2026-06-29 18:08:21,578 - Opp-RulesBased - INFO - Opp-RulesBased: Decided on action 'None'.
2026-06-29 18:08:21,579 - Opp-RulesBased - INFO - Opp-RulesBased: Set intent in controller
2026-06-29 18:08:21,580 - Opp-RulesBased - DEBUG - Opp-RulesBased: Waiting for response from game session.
2026-06-29 18:08:21,580 - Opp-RulesBased - DEBUG - Opp-RulesBased: Waiting for my turn to act. (Signaled by session setting prior_state)
2026-06-29 18:08:23,229 - Opp-RulesBased - INFO - Opp-RulesBased: Thinking on next event 'MAINPHASE_EMPTY_STACK'.
2026-06-29 18:08:23,229 - Opp-RulesBased - INFO - Opp-RulesBased: Decided on action 'None'.
2026-06-29 18:08:23,229 - Opp-RulesBased - INFO - Opp-RulesBased: Set intent in controller
2026-06-29 18:08:23,230 - Opp-RulesBased - DEBUG - Opp-RulesBased: Waiting for response from game session.
2026-06-29 18:08:23,230 - Opp-RulesBased - DEBUG - Opp-RulesBased: Waiting for my turn to act. (Signaled by session setting prior_state)
2026-06-29 18:08:23,231 - Opp-RulesBased - INFO - Opp-RulesBased: Thinking on next event 'MAINPHASE_EMPTY_STACK'.
2026-06-29 18:08:23,231 - Opp-RulesBased - INFO - Opp-RulesBased: Decided on action 'None'.
2026-06-29 18:08:23,231 - Opp-RulesBased - INFO - Opp-RulesBased: Set intent in controller
2026-06-29 18:08:23,232 - Opp-RulesBased - DEBUG - Opp-RulesBased: Waiting for response from game session.
2026-06-29 18:08:23,232 - Opp-RulesBased - DEBUG - Opp-RulesBased: Waiting for my turn to act. (Signaled by session setting prior_state)
2026-06-29 18:08:23,233 - Opp-RulesBased - INFO - Opp-RulesBased: Thinking on next event 'MAINPHASE_EMPTY_STACK'.
2026-06-29 18:08:23,233 - Opp-RulesBased - INFO - Opp-RulesBased: Decided on action 'None'.
2026-06-29 18:08:23,234 - Opp-RulesBased - INFO - Opp-RulesBased: Set intent in controller
2026-06-29 18:08:23,234 - Opp-RulesBased - DEBUG - Opp-RulesBased: Waiting for response from game session.
2026-06-29 18:08:23,234 - Opp-RulesBased - DEBUG - Opp-RulesBased: Waiting for my turn to act. (Signaled by session setting prior_state)
2026-06-29 18:08:23,235 - Opp-RulesBased - INFO - Opp-RulesBased: Thinking on next event 'MAINPHASE_EMPTY_STACK'.
2026-06-29 18:08:23,235 - Opp-RulesBased - INFO - Opp-RulesBased: Decided on action 'None'.
2026-06-29 18:08:23,235 - Opp-RulesBased - INFO - Opp-RulesBased: Set intent in controller
2026-06-29 18:08:23,236 - Opp-RulesBased - DEBUG - Opp-RulesBased: Waiting for response from game session.
2026-06-29 18:08:23,236 - Opp-RulesBased - DEBUG - Opp-RulesBased: Waiting for my turn to act. (Signaled by session setting prior_state)
2026-06-29 18:08:23,240 - Opp-RulesBased - INFO - Opp-RulesBased: Thinking on next event 'DECLARE_ATTACKS'.
2026-06-29 18:08:23,240 - Opp-RulesBased - INFO - Opp-RulesBased: Decided on action 'None'.
2026-06-29 18:08:23,240 - Opp-RulesBased - INFO - Opp-RulesBased: Set intent in controller
2026-06-29 18:08:23,241 - Opp-RulesBased - DEBUG - Opp-RulesBased: Waiting for response from game session.
2026-06-29 18:08:23,241 - Opp-RulesBased - DEBUG - Opp-RulesBased: Waiting for my turn to act. (Signaled by session setting prior_state)
2026-06-29 18:08:29,267 - Opp-RulesBased - INFO - Opp-RulesBased: Thinking on next event 'MAINPHASE_EMPTY_STACK'.
2026-06-29 18:08:29,267 - Opp-RulesBased - INFO - Opp-RulesBased: Decided on action 'None'.
2026-06-29 18:08:29,268 - Opp-RulesBased - INFO - Opp-RulesBased: Set intent in controller
2026-06-29 18:08:29,268 - Opp-RulesBased - DEBUG - Opp-RulesBased: Waiting for response from game session.
2026-06-29 18:08:29,268 - Opp-RulesBased - DEBUG - Opp-RulesBased: Waiting for my turn to act. (Signaled by session setting prior_state)
2026-06-29 18:10:25,284 - Opp-RulesBased - INFO - Opp-RulesBased: Thinking on next event 'DECLARE_BLOCKS'.
2026-06-29 18:10:25,284 - Opp-RulesBased - INFO - Opp-RulesBased: Decided on action 'None'.
2026-06-29 18:10:25,285 - Opp-RulesBased - INFO - Opp-RulesBased: Set intent in controller
2026-06-29 18:10:25,286 - Opp-RulesBased - DEBUG - Opp-RulesBased: Waiting for response from game session.
2026-06-29 18:10:25,287 - Opp-RulesBased - DEBUG - Opp-RulesBased: Waiting for my turn to act. (Signaled by session setting prior_state)
2026-06-29 18:10:27,758 - Opp-RulesBased - INFO - Opp-RulesBased: Thinking on next event 'MAINPHASE_EMPTY_STACK'.
2026-06-29 18:10:27,758 - Opp-RulesBased - INFO - Opp-RulesBased: Decided on action 'None'.
2026-06-29 18:10:27,758 - Opp-RulesBased - INFO - Opp-RulesBased: Set intent in controller
2026-06-29 18:10:27,759 - Opp-RulesBased - DEBUG - Opp-RulesBased: Waiting for response from game session.
2026-06-29 18:10:27,759 - Opp-RulesBased - DEBUG - Opp-RulesBased: Waiting for my turn to act. (Signaled by session setting prior_state)
2026-06-29 18:10:27,760 - Opp-RulesBased - INFO - Opp-RulesBased: Thinking on next event 'MAINPHASE_EMPTY_STACK'.
2026-06-29 18:10:27,760 - Opp-RulesBased - INFO - Opp-RulesBased: Decided on action 'None'.
2026-06-29 18:10:27,761 - Opp-RulesBased - INFO - Opp-RulesBased: Set intent in controller
2026-06-29 18:10:27,761 - Opp-RulesBased - DEBUG - Opp-RulesBased: Waiting for response from game session.
2026-06-29 18:10:27,761 - Opp-RulesBased - DEBUG - Opp-RulesBased: Waiting for my turn to act. (Signaled by session setting prior_state)
2026-06-29 18:10:27,763 - Opp-RulesBased - INFO - Opp-RulesBased: Thinking on next event 'MAINPHASE_EMPTY_STACK'.
2026-06-29 18:10:27,763 - Opp-RulesBased - INFO - Opp-RulesBased: Decided on action 'None'.
2026-06-29 18:10:27,763 - Opp-RulesBased - INFO - Opp-RulesBased: Set intent in controller
2026-06-29 18:10:27,763 - Opp-RulesBased - DEBUG - Opp-RulesBased: Waiting for response from game session.
2026-06-29 18:10:27,764 - Opp-RulesBased - DEBUG - Opp-RulesBased: Waiting for my turn to act. (Signaled by session setting prior_state)
2026-06-29 18:10:27,765 - Opp-RulesBased - INFO - Opp-RulesBased: Thinking on next event 'MAINPHASE_EMPTY_STACK'.
2026-06-29 18:10:27,765 - Opp-RulesBased - INFO - Opp-RulesBased: Decided on action 'None'.
2026-06-29 18:10:27,765 - Opp-RulesBased - INFO - Opp-RulesBased: Set intent in controller
2026-06-29 18:10:27,766 - Opp-RulesBased - DEBUG - Opp-RulesBased: Waiting for response from game session.
2026-06-29 18:10:27,766 - Opp-RulesBased - DEBUG - Opp-RulesBased: Waiting for my turn to act. (Signaled by session setting prior_state)
2026-06-29 18:10:27,767 - Opp-RulesBased - INFO - Opp-RulesBased: Thinking on next event 'DECLARE_ATTACKS'.
2026-06-29 18:10:27,767 - Opp-RulesBased - INFO - Opp-RulesBased: Decided on action 'None'.
2026-06-29 18:10:27,767 - Opp-RulesBased - INFO - Opp-RulesBased: Set intent in controller
2026-06-29 18:10:27,768 - Opp-RulesBased - DEBUG - Opp-RulesBased: Waiting for response from game session.
2026-06-29 18:10:27,768 - Opp-RulesBased - DEBUG - Opp-RulesBased: Waiting for my turn to act. (Signaled by session setting prior_state)
2026-06-29 18:13:04,842 - Opp-RulesBased - INFO - Opp-RulesBased: Thinking on next event 'MAINPHASE_EMPTY_STACK'.
2026-06-29 18:13:04,842 - Opp-RulesBased - INFO - Opp-RulesBased: Decided on action 'None'.
2026-06-29 18:13:04,842 - Opp-RulesBased - INFO - Opp-RulesBased: Set intent in controller
2026-06-29 18:13:04,842 - Opp-RulesBased - DEBUG - Opp-RulesBased: Waiting for response from game session.
2026-06-29 18:13:04,842 - Opp-RulesBased - DEBUG - Opp-RulesBased: Waiting for my turn to act. (Signaled by session setting prior_state)
2026-06-29 18:13:13,528 - Opp-RulesBased - INFO - Opp-RulesBased: Thinking on next event 'DECLARE_BLOCKS'.
2026-06-29 18:13:13,528 - Opp-RulesBased - INFO - Opp-RulesBased: Decided on action 'None'.
2026-06-29 18:13:13,529 - Opp-RulesBased - INFO - Opp-RulesBased: Set intent in controller
2026-06-29 18:13:13,531 - Opp-RulesBased - DEBUG - Opp-RulesBased: Waiting for response from game session.
2026-06-29 18:13:13,532 - Opp-RulesBased - DEBUG - Opp-RulesBased: Waiting for my turn to act. (Signaled by session setting prior_state)
2026-06-29 18:14:05,262 - Opp-RulesBased - INFO - Opp-RulesBased: Thinking on next event 'MAINPHASE_EMPTY_STACK'.
2026-06-29 18:14:05,263 - Opp-RulesBased - INFO - Opp-RulesBased: Decided on action 'None'.
2026-06-29 18:14:05,263 - Opp-RulesBased - INFO - Opp-RulesBased: Set intent in controller
2026-06-29 18:14:05,264 - Opp-RulesBased - DEBUG - Opp-RulesBased: Waiting for response from game session.
2026-06-29 18:14:05,264 - Opp-RulesBased - DEBUG - Opp-RulesBased: Waiting for my turn to act. (Signaled by session setting prior_state)
2026-06-29 18:14:05,265 - Opp-RulesBased - INFO - Opp-RulesBased: Thinking on next event 'MAINPHASE_EMPTY_STACK'.
2026-06-29 18:14:05,265 - Opp-RulesBased - INFO - Opp-RulesBased: Decided on action 'None'.
2026-06-29 18:14:05,265 - Opp-RulesBased - INFO - Opp-RulesBased: Set intent in controller
2026-06-29 18:14:05,270 - Opp-RulesBased - DEBUG - Opp-RulesBased: Waiting for response from game session.
2026-06-29 18:14:05,270 - Opp-RulesBased - DEBUG - Opp-RulesBased: Waiting for my turn to act. (Signaled by session setting prior_state)
2026-06-29 18:14:05,272 - Opp-RulesBased - INFO - Opp-RulesBased: Thinking on next event 'MAINPHASE_EMPTY_STACK'.
2026-06-29 18:14:05,272 - Opp-RulesBased - INFO - Opp-RulesBased: Decided on action 'None'.
2026-06-29 18:14:05,272 - Opp-RulesBased - INFO - Opp-RulesBased: Set intent in controller
2026-06-29 18:14:05,273 - Opp-RulesBased - DEBUG - Opp-RulesBased: Waiting for response from game session.
2026-06-29 18:14:05,273 - Opp-RulesBased - DEBUG - Opp-RulesBased: Waiting for my turn to act. (Signaled by session setting prior_state)
2026-06-29 18:14:05,274 - Opp-RulesBased - INFO - Opp-RulesBased: Thinking on next event 'DECLARE_ATTACKS'.
2026-06-29 18:14:05,275 - Opp-RulesBased - INFO - Opp-RulesBased: Decided on action 'None'.
2026-06-29 18:14:05,275 - Opp-RulesBased - INFO - Opp-RulesBased: Set intent in controller
2026-06-29 18:14:05,277 - Opp-RulesBased - DEBUG - Opp-RulesBased: Waiting for response from game session.
2026-06-29 18:14:05,277 - Opp-RulesBased - DEBUG - Opp-RulesBased: Waiting for my turn to act. (Signaled by session setting prior_state)
2026-06-29 18:14:10,166 - Opp-RulesBased - INFO - Opp-RulesBased: Thinking on next event 'MAINPHASE_EMPTY_STACK'.
2026-06-29 18:14:10,166 - Opp-RulesBased - INFO - Opp-RulesBased: Decided on action 'None'.
2026-06-29 18:14:10,166 - Opp-RulesBased - INFO - Opp-RulesBased: Set intent in controller
2026-06-29 18:14:10,167 - Opp-RulesBased - DEBUG - Opp-RulesBased: Waiting for response from game session.
2026-06-29 18:14:10,167 - Opp-RulesBased - DEBUG - Opp-RulesBased: Waiting for my turn to act. (Signaled by session setting prior_state)
2026-06-29 18:15:06,723 - Opp-RulesBased - INFO - Opp-RulesBased: Thinking on next event 'DECLARE_BLOCKS'.
2026-06-29 18:15:06,723 - Opp-RulesBased - INFO - Opp-RulesBased: Decided on action 'None'.
2026-06-29 18:15:06,723 - Opp-RulesBased - INFO - Opp-RulesBased: Set intent in controller
2026-06-29 18:15:06,725 - Opp-RulesBased - DEBUG - Opp-RulesBased: Waiting for response from game session.
2026-06-29 18:15:06,725 - Opp-RulesBased - DEBUG - Opp-RulesBased: Waiting for my turn to act. (Signaled by session setting prior_state)
2026-06-29 18:15:29,039 - Opp-RulesBased - INFO - Opp-RulesBased: Thinking on next event 'MAINPHASE_EMPTY_STACK'.
2026-06-29 18:15:29,039 - Opp-RulesBased - INFO - Opp-RulesBased: Decided on action 'None'.
2026-06-29 18:15:29,040 - Opp-RulesBased - INFO - Opp-RulesBased: Set intent in controller
2026-06-29 18:15:29,040 - Opp-RulesBased - DEBUG - Opp-RulesBased: Waiting for response from game session.
2026-06-29 18:15:29,040 - Opp-RulesBased - DEBUG - Opp-RulesBased: Waiting for my turn to act. (Signaled by session setting prior_state)
2026-06-29 18:15:29,042 - Opp-RulesBased - INFO - Opp-RulesBased: Thinking on next event 'MAINPHASE_EMPTY_STACK'.
2026-06-29 18:15:29,042 - Opp-RulesBased - INFO - Opp-RulesBased: Decided on action 'None'.
2026-06-29 18:15:29,042 - Opp-RulesBased - INFO - Opp-RulesBased: Set intent in controller
2026-06-29 18:15:29,043 - Opp-RulesBased - DEBUG - Opp-RulesBased: Waiting for response from game session.
2026-06-29 18:15:29,043 - Opp-RulesBased - DEBUG - Opp-RulesBased: Waiting for my turn to act. (Signaled by session setting prior_state)
2026-06-29 18:15:29,044 - Opp-RulesBased - INFO - Opp-RulesBased: Thinking on next event 'MAINPHASE_EMPTY_STACK'.
2026-06-29 18:15:29,044 - Opp-RulesBased - INFO - Opp-RulesBased: Decided on action 'None'.
2026-06-29 18:15:29,044 - Opp-RulesBased - INFO - Opp-RulesBased: Set intent in controller
2026-06-29 18:15:29,045 - Opp-RulesBased - DEBUG - Opp-RulesBased: Waiting for response from game session.
2026-06-29 18:15:29,045 - Opp-RulesBased - DEBUG - Opp-RulesBased: Waiting for my turn to act. (Signaled by session setting prior_state)
2026-06-29 18:15:29,046 - Opp-RulesBased - INFO - Opp-RulesBased: Thinking on next event 'DECLARE_ATTACKS'.
2026-06-29 18:15:29,046 - Opp-RulesBased - INFO - Opp-RulesBased: Decided on action 'None'.
2026-06-29 18:15:29,046 - Opp-RulesBased - INFO - Opp-RulesBased: Set intent in controller
2026-06-29 18:15:29,047 - Opp-RulesBased - DEBUG - Opp-RulesBased: Waiting for response from game session.
2026-06-29 18:15:29,047 - Opp-RulesBased - DEBUG - Opp-RulesBased: Waiting for my turn to act. (Signaled by session setting prior_state)
2026-06-29 18:15:32,940 - Opp-RulesBased - INFO - Opp-RulesBased: Thinking on next event 'MAINPHASE_EMPTY_STACK'.
2026-06-29 18:15:32,940 - Opp-RulesBased - INFO - Opp-RulesBased: Decided on action 'None'.
2026-06-29 18:15:32,940 - Opp-RulesBased - INFO - Opp-RulesBased: Set intent in controller
2026-06-29 18:15:32,941 - Opp-RulesBased - DEBUG - Opp-RulesBased: Waiting for response from game session.
2026-06-29 18:15:32,941 - Opp-RulesBased - DEBUG - Opp-RulesBased: Waiting for my turn to act. (Signaled by session setting prior_state)
2026-06-29 18:15:49,773 - Opp-RulesBased - INFO - Opp-RulesBased: Thinking on next event 'DECLARE_BLOCKS'.
2026-06-29 18:15:49,773 - Opp-RulesBased - INFO - Opp-RulesBased: Decided on action 'None'.
2026-06-29 18:15:49,773 - Opp-RulesBased - INFO - Opp-RulesBased: Set intent in controller
2026-06-29 18:15:49,774 - Opp-RulesBased - DEBUG - Opp-RulesBased: Waiting for response from game session.
2026-06-29 18:15:49,774 - Opp-RulesBased - DEBUG - Opp-RulesBased: Waiting for my turn to act. (Signaled by session setting prior_state)
