2026-06-29 18:07:51,722 - ui - DEBUG - Invalidating UI Cache
2026-06-29 18:07:53,109 - ui - DEBUG - Deciding on PLAY_CARD with argument [[1]]
2026-06-29 18:07:53,109 - ui - DEBUG - Ui Intent Queue length: 1
2026-06-29 18:07:53,137 - ui - INFO - Cleaning ui_state due to event transition
2026-06-29 18:07:53,137 - ui - DEBUG - Invalidating UI Cache
2026-06-29 18:07:53,137 - ui - DEBUG - Action blocked: False
2026-06-29 18:07:53,919 - ui - DEBUG - Invalidating UI Cache
2026-06-29 18:07:54,582 - ui - DEBUG - Deciding on ActionData.PASS without arguments
2026-06-29 18:07:54,582 - ui - DEBUG - Ui Intent Queue length: 1
2026-06-29 18:07:54,597 - ui - INFO - Cleaning ui_state due to event transition
2026-06-29 18:07:54,597 - ui - DEBUG - Invalidating UI Cache
2026-06-29 18:07:54,597 - ui - DEBUG - Action blocked: False
2026-06-29 18:07:55,291 - ui - DEBUG - Invalidating UI Cache
2026-06-29 18:07:55,920 - ui - DEBUG - Deciding on ActionData.PASS without arguments
2026-06-29 18:07:55,921 - ui - DEBUG - Ui Intent Queue length: 1
2026-06-29 18:07:55,951 - ui - INFO - Cleaning ui_state due to event transition
2026-06-29 18:07:55,951 - ui - DEBUG - Invalidating UI Cache
2026-06-29 18:07:55,952 - ui - DEBUG - Action blocked: False
2026-06-29 18:07:56,391 - ui - DEBUG - Invalidating UI Cache
2026-06-29 18:07:57,208 - ui - DEBUG - Deciding on ActionData.PASS without arguments
2026-06-29 18:07:57,208 - ui - DEBUG - Ui Intent Queue length: 1
2026-06-29 18:07:57,228 - ui - INFO - Cleaning ui_state due to event transition
2026-06-29 18:07:57,229 - ui - DEBUG - Invalidating UI Cache
2026-06-29 18:07:57,229 - ui - DEBUG - Action blocked: False
2026-06-29 18:07:58,795 - ui - DEBUG - Invalidating UI Cache
2026-06-29 18:07:59,472 - ui - DEBUG - Deciding on ActionData.PASS without arguments
2026-06-29 18:07:59,472 - ui - DEBUG - Ui Intent Queue length: 1
2026-06-29 18:07:59,494 - ui - INFO - Cleaning ui_state due to event transition
2026-06-29 18:07:59,494 - ui - DEBUG - Invalidating UI Cache
2026-06-29 18:07:59,494 - ui - DEBUG - Action blocked: False
2026-06-29 18:08:01,460 - ui - DEBUG - Invalidating UI Cache
2026-06-29 18:08:04,715 - ui - DEBUG - Deciding on PLAY_CARD with argument [[5]]
2026-06-29 18:08:04,715 - ui - DEBUG - Ui Intent Queue length: 1
2026-06-29 18:08:04,737 - ui - INFO - Cleaning ui_state due to event transition
2026-06-29 18:08:04,738 - ui - DEBUG - Invalidating UI Cache
2026-06-29 18:08:04,738 - ui - DEBUG - Action blocked: False
2026-06-29 18:08:06,173 - ui - DEBUG - Invalidating UI Cache
2026-06-29 18:08:06,656 - ui - DEBUG - Deciding on ActionData.PASS without arguments
2026-06-29 18:08:06,656 - ui - DEBUG - Ui Intent Queue length: 1
2026-06-29 18:08:06,672 - ui - INFO - Cleaning ui_state due to event transition
2026-06-29 18:08:06,672 - ui - DEBUG - Invalidating UI Cache
2026-06-29 18:08:06,673 - ui - DEBUG - Action blocked: False
2026-06-29 18:08:07,412 - ui - DEBUG - Invalidating UI Cache
2026-06-29 18:08:08,509 - ui - DEBUG - Invalidating UI Cache
2026-06-29 18:08:09,106 - ui - DEBUG - Deciding on ActionData.PASS without arguments
2026-06-29 18:08:09,106 - ui - DEBUG - Ui Intent Queue length: 1
2026-06-29 18:08:09,133 - ui - INFO - Cleaning ui_state due to event transition
2026-06-29 18:08:09,133 - ui - DEBUG - Invalidating UI Cache
2026-06-29 18:08:09,133 - ui - DEBUG - Action blocked: False
2026-06-29 18:08:10,850 - ui - DEBUG - Invalidating UI Cache
2026-06-29 18:08:11,511 - ui - DEBUG - Deciding on ActionData.PASS without arguments
2026-06-29 18:08:11,511 - ui - DEBUG - Ui Intent Queue length: 1
2026-06-29 18:08:11,547 - ui - INFO - Cleaning ui_state due to event transition
2026-06-29 18:08:11,547 - ui - DEBUG - Invalidating UI Cache
2026-06-29 18:08:11,547 - ui - DEBUG - Action blocked: False
2026-06-29 18:08:13,711 - ui - DEBUG - Invalidating UI Cache
2026-06-29 18:08:14,950 - ui - DEBUG - Deciding on ActionData.PASS without arguments
2026-06-29 18:08:14,951 - ui - DEBUG - Ui Intent Queue length: 1
2026-06-29 18:08:14,963 - ui - INFO - Cleaning ui_state due to event transition
2026-06-29 18:08:14,963 - ui - DEBUG - Invalidating UI Cache
2026-06-29 18:08:14,963 - ui - DEBUG - Action blocked: False
2026-06-29 18:08:17,094 - ui - DEBUG - Invalidating UI Cache
2026-06-29 18:08:18,528 - ui - DEBUG - Deciding on PLAY_CARD with argument [[1]]
2026-06-29 18:08:18,528 - ui - DEBUG - Ui Intent Queue length: 1
2026-06-29 18:08:18,545 - ui - INFO - Cleaning ui_state due to event transition
2026-06-29 18:08:18,545 - ui - DEBUG - Invalidating UI Cache
2026-06-29 18:08:18,546 - ui - DEBUG - Action blocked: False
2026-06-29 18:08:19,787 - ui - DEBUG - Invalidating UI Cache
2026-06-29 18:08:20,429 - ui - DEBUG - Deciding on ActionData.PASS without arguments
2026-06-29 18:08:20,429 - ui - DEBUG - Ui Intent Queue length: 1
2026-06-29 18:08:20,443 - ui - INFO - Cleaning ui_state due to event transition
2026-06-29 18:08:20,443 - ui - DEBUG - Invalidating UI Cache
2026-06-29 18:08:20,443 - ui - DEBUG - Action blocked: False
2026-06-29 18:08:21,058 - ui - DEBUG - Invalidating UI Cache
2026-06-29 18:08:21,572 - ui - DEBUG - Deciding on ActionData.PASS without arguments
2026-06-29 18:08:21,572 - ui - DEBUG - Ui Intent Queue length: 1
2026-06-29 18:08:21,586 - ui - INFO - Cleaning ui_state due to event transition
2026-06-29 18:08:21,586 - ui - DEBUG - Invalidating UI Cache
2026-06-29 18:08:21,586 - ui - DEBUG - Action blocked: False
2026-06-29 18:08:22,507 - ui - DEBUG - Invalidating UI Cache
2026-06-29 18:08:23,221 - ui - DEBUG - Deciding on ActionData.PASS without arguments
2026-06-29 18:08:23,221 - ui - DEBUG - Ui Intent Queue length: 1
2026-06-29 18:08:23,236 - ui - INFO - Cleaning ui_state due to event transition
2026-06-29 18:08:23,236 - ui - DEBUG - Invalidating UI Cache
2026-06-29 18:08:23,236 - ui - DEBUG - Action blocked: False
2026-06-29 18:08:28,467 - ui - DEBUG - Invalidating UI Cache
2026-06-29 18:08:29,260 - ui - DEBUG - Deciding on ActionData.PASS without arguments
2026-06-29 18:08:29,261 - ui - DEBUG - Ui Intent Queue length: 1
2026-06-29 18:08:29,277 - ui - INFO - Cleaning ui_state due to event transition
2026-06-29 18:08:29,277 - ui - DEBUG - Invalidating UI Cache
2026-06-29 18:08:29,277 - ui - DEBUG - Action blocked: False
2026-06-29 18:08:34,518 - ui - DEBUG - Invalidating UI Cache
2026-06-29 18:08:41,950 - ui - DEBUG - Deciding on PLAY_CARD with argument [[4]]
2026-06-29 18:08:41,950 - ui - DEBUG - Ui Intent Queue length: 1
2026-06-29 18:08:41,963 - ui - INFO - Cleaning ui_state due to event transition
2026-06-29 18:08:41,963 - ui - DEBUG - Invalidating UI Cache
2026-06-29 18:08:41,963 - ui - DEBUG - Action blocked: False
2026-06-29 18:08:43,192 - ui - DEBUG - Invalidating UI Cache
2026-06-29 18:08:44,207 - ui - DEBUG - Caching argument [0]
2026-06-29 18:08:45,109 - ui - DEBUG - Caching argument [1]
2026-06-29 18:08:46,075 - ui - DEBUG - Caching argument [2]
2026-06-29 18:08:47,836 - ui - DEBUG - Caching argument [3]
2026-06-29 18:08:54,487 - ui - DEBUG - Deciding on ACTIVATE_LANDS with argument [[0], [1], [2], [3]]
2026-06-29 18:08:54,487 - ui - DEBUG - Ui Intent Queue length: 1
2026-06-29 18:08:54,500 - ui - INFO - Cleaning ui_state due to event transition
2026-06-29 18:08:54,500 - ui - DEBUG - Invalidating UI Cache
2026-06-29 18:08:54,500 - ui - DEBUG - Action blocked: False
2026-06-29 18:08:57,967 - ui - DEBUG - Invalidating UI Cache
2026-06-29 18:09:00,588 - ui - DEBUG - Deciding on PLAY_CARD with argument [[3]]
2026-06-29 18:09:00,588 - ui - DEBUG - Ui Intent Queue length: 1
2026-06-29 18:09:00,600 - ui - INFO - Cleaning ui_state due to event transition
2026-06-29 18:09:00,600 - ui - DEBUG - Invalidating UI Cache
2026-06-29 18:09:00,600 - ui - DEBUG - Action blocked: False
2026-06-29 18:10:22,703 - ui - DEBUG - Invalidating UI Cache
2026-06-29 18:10:23,656 - ui - DEBUG - Deciding on ActionData.PASS without arguments
2026-06-29 18:10:23,656 - ui - DEBUG - Ui Intent Queue length: 1
2026-06-29 18:10:23,669 - ui - INFO - Cleaning ui_state due to event transition
2026-06-29 18:10:23,669 - ui - DEBUG - Invalidating UI Cache
2026-06-29 18:10:23,669 - ui - DEBUG - Action blocked: False
2026-06-29 18:10:24,699 - ui - DEBUG - Invalidating UI Cache
2026-06-29 18:10:25,278 - ui - DEBUG - Deciding on ActionData.PASS without arguments
2026-06-29 18:10:25,278 - ui - DEBUG - Ui Intent Queue length: 1
2026-06-29 18:10:25,296 - ui - INFO - Cleaning ui_state due to event transition
2026-06-29 18:10:25,296 - ui - DEBUG - Invalidating UI Cache
2026-06-29 18:10:25,296 - ui - DEBUG - Action blocked: False
2026-06-29 18:10:26,998 - ui - DEBUG - Invalidating UI Cache
2026-06-29 18:10:27,752 - ui - DEBUG - Deciding on ActionData.PASS without arguments
2026-06-29 18:10:27,752 - ui - DEBUG - Ui Intent Queue length: 1
2026-06-29 18:10:27,769 - ui - INFO - Cleaning ui_state due to event transition
2026-06-29 18:10:27,769 - ui - DEBUG - Invalidating UI Cache
2026-06-29 18:10:27,769 - ui - DEBUG - Action blocked: False
2026-06-29 18:13:02,368 - ui - DEBUG - Invalidating UI Cache
2026-06-29 18:13:03,615 - ui - DEBUG - Caching argument [0, 0]
2026-06-29 18:13:04,835 - ui - DEBUG - Deciding on BLOCK with argument [[0, 0]]
2026-06-29 18:13:04,835 - ui - DEBUG - Ui Intent Queue length: 1
2026-06-29 18:13:04,848 - ui - INFO - Cleaning ui_state due to event transition
2026-06-29 18:13:04,848 - ui - DEBUG - Invalidating UI Cache
2026-06-29 18:13:04,848 - ui - DEBUG - Action blocked: False
2026-06-29 18:13:07,109 - ui - DEBUG - Invalidating UI Cache
2026-06-29 18:13:09,820 - ui - DEBUG - Invalidating UI Cache
2026-06-29 18:13:11,126 - ui - DEBUG - Deciding on ActionData.PASS without arguments
2026-06-29 18:13:11,126 - ui - DEBUG - Ui Intent Queue length: 1
2026-06-29 18:13:11,139 - ui - INFO - Cleaning ui_state due to event transition
2026-06-29 18:13:11,139 - ui - DEBUG - Invalidating UI Cache
2026-06-29 18:13:11,139 - ui - DEBUG - Action blocked: False
2026-06-29 18:13:12,079 - ui - DEBUG - Invalidating UI Cache
2026-06-29 18:13:13,522 - ui - DEBUG - Deciding on ATTACK with argument [[0]]
2026-06-29 18:13:13,522 - ui - DEBUG - Ui Intent Queue length: 1
2026-06-29 18:13:13,535 - ui - INFO - Cleaning ui_state due to event transition
2026-06-29 18:13:13,535 - ui - DEBUG - Invalidating UI Cache
2026-06-29 18:13:13,536 - ui - DEBUG - Action blocked: False
2026-06-29 18:13:15,325 - ui - DEBUG - Invalidating UI Cache
2026-06-29 18:13:16,431 - ui - DEBUG - Caching argument [0]
2026-06-29 18:13:17,914 - ui - DEBUG - Caching argument [1]
2026-06-29 18:13:18,932 - ui - DEBUG - Caching argument [2]
2026-06-29 18:13:20,911 - ui - DEBUG - Caching argument [3]
2026-06-29 18:13:28,918 - ui - DEBUG - Caching argument [0]
2026-06-29 18:13:31,346 - ui - DEBUG - Invalidating UI Cache
2026-06-29 18:13:32,006 - ui - DEBUG - Invalidating UI Cache
2026-06-29 18:13:34,400 - ui - DEBUG - Caching argument [0]
2026-06-29 18:13:35,481 - ui - DEBUG - Caching argument [1]
2026-06-29 18:13:36,785 - ui - DEBUG - Caching argument [2]
2026-06-29 18:13:38,980 - ui - DEBUG - Caching argument [3]
2026-06-29 18:13:40,103 - ui - DEBUG - Deciding on ACTIVATE_LANDS with argument [[0], [1], [2], [3]]
2026-06-29 18:13:40,103 - ui - DEBUG - Ui Intent Queue length: 1
2026-06-29 18:13:40,114 - ui - INFO - Cleaning ui_state due to event transition
2026-06-29 18:13:40,114 - ui - DEBUG - Invalidating UI Cache
2026-06-29 18:13:40,114 - ui - DEBUG - Action blocked: False
2026-06-29 18:14:01,108 - ui - DEBUG - Invalidating UI Cache
2026-06-29 18:14:02,960 - ui - DEBUG - Deciding on PLAY_CARD with argument [[0]]
2026-06-29 18:14:02,960 - ui - DEBUG - Ui Intent Queue length: 1
2026-06-29 18:14:02,973 - ui - INFO - Cleaning ui_state due to event transition
2026-06-29 18:14:02,973 - ui - DEBUG - Invalidating UI Cache
2026-06-29 18:14:02,973 - ui - DEBUG - Action blocked: False
2026-06-29 18:14:04,604 - ui - DEBUG - Invalidating UI Cache
2026-06-29 18:14:05,253 - ui - DEBUG - Deciding on ActionData.PASS without arguments
2026-06-29 18:14:05,253 - ui - DEBUG - Ui Intent Queue length: 1
2026-06-29 18:14:05,265 - ui - INFO - Cleaning ui_state due to event transition
2026-06-29 18:14:05,265 - ui - DEBUG - Invalidating UI Cache
2026-06-29 18:14:05,265 - ui - DEBUG - Action blocked: False
2026-06-29 18:14:07,192 - ui - DEBUG - Invalidating UI Cache
2026-06-29 18:14:08,907 - ui - DEBUG - Caching argument [1, 0]
2026-06-29 18:14:10,160 - ui - DEBUG - Deciding on BLOCK with argument [[1, 0]]
2026-06-29 18:14:10,161 - ui - DEBUG - Ui Intent Queue length: 1
2026-06-29 18:14:10,171 - ui - INFO - Cleaning ui_state due to event transition
2026-06-29 18:14:10,171 - ui - DEBUG - Invalidating UI Cache
2026-06-29 18:14:10,171 - ui - DEBUG - Action blocked: False
2026-06-29 18:15:00,176 - ui - DEBUG - Invalidating UI Cache
2026-06-29 18:15:02,257 - ui - DEBUG - Deciding on ActionData.PASS without arguments
2026-06-29 18:15:02,257 - ui - DEBUG - Ui Intent Queue length: 1
2026-06-29 18:15:02,271 - ui - INFO - Cleaning ui_state due to event transition
2026-06-29 18:15:02,271 - ui - DEBUG - Invalidating UI Cache
2026-06-29 18:15:02,271 - ui - DEBUG - Action blocked: False
2026-06-29 18:15:03,018 - ui - DEBUG - Invalidating UI Cache
2026-06-29 18:15:04,799 - ui - DEBUG - Caching argument [1]
2026-06-29 18:15:05,959 - ui - DEBUG - Caching argument [0]
2026-06-29 18:15:06,716 - ui - DEBUG - Deciding on ATTACK with argument [[1], [0]]
2026-06-29 18:15:06,716 - ui - DEBUG - Ui Intent Queue length: 1
2026-06-29 18:15:06,736 - ui - INFO - Cleaning ui_state due to event transition
2026-06-29 18:15:06,736 - ui - DEBUG - Invalidating UI Cache
2026-06-29 18:15:06,736 - ui - DEBUG - Action blocked: False
2026-06-29 18:15:08,953 - ui - DEBUG - Invalidating UI Cache
2026-06-29 18:15:10,176 - ui - DEBUG - Caching argument [0]
2026-06-29 18:15:12,082 - ui - DEBUG - Caching argument [1]
2026-06-29 18:15:13,536 - ui - DEBUG - Deciding on ACTIVATE_LANDS with argument [[0], [1]]
2026-06-29 18:15:13,536 - ui - DEBUG - Ui Intent Queue length: 1
2026-06-29 18:15:13,549 - ui - INFO - Cleaning ui_state due to event transition
2026-06-29 18:15:13,549 - ui - DEBUG - Invalidating UI Cache
2026-06-29 18:15:13,549 - ui - DEBUG - Action blocked: False
2026-06-29 18:15:14,380 - ui - DEBUG - Invalidating UI Cache
2026-06-29 18:15:17,613 - ui - DEBUG - Deciding on PLAY_CARD with argument [[3]]
2026-06-29 18:15:17,614 - ui - DEBUG - Ui Intent Queue length: 1
2026-06-29 18:15:17,631 - ui - INFO - Cleaning ui_state due to event transition
2026-06-29 18:15:17,631 - ui - DEBUG - Invalidating UI Cache
2026-06-29 18:15:17,631 - ui - DEBUG - Action blocked: False
2026-06-29 18:15:18,725 - ui - DEBUG - Invalidating UI Cache
2026-06-29 18:15:20,220 - ui - DEBUG - Caching argument [3]
2026-06-29 18:15:22,976 - ui - DEBUG - Caching argument [2]
2026-06-29 18:15:23,994 - ui - DEBUG - Deciding on ACTIVATE_LANDS with argument [[3], [2]]
2026-06-29 18:15:23,994 - ui - DEBUG - Ui Intent Queue length: 1
2026-06-29 18:15:24,009 - ui - INFO - Cleaning ui_state due to event transition
2026-06-29 18:15:24,009 - ui - DEBUG - Invalidating UI Cache
2026-06-29 18:15:24,009 - ui - DEBUG - Action blocked: False
2026-06-29 18:15:25,265 - ui - DEBUG - Invalidating UI Cache
2026-06-29 18:15:27,092 - ui - DEBUG - Deciding on PLAY_CARD with argument [[3]]
2026-06-29 18:15:27,093 - ui - DEBUG - Ui Intent Queue length: 1
2026-06-29 18:15:27,104 - ui - INFO - Cleaning ui_state due to event transition
2026-06-29 18:15:27,104 - ui - DEBUG - Invalidating UI Cache
2026-06-29 18:15:27,104 - ui - DEBUG - Action blocked: False
2026-06-29 18:15:28,406 - ui - DEBUG - Invalidating UI Cache
2026-06-29 18:15:29,032 - ui - DEBUG - Deciding on ActionData.PASS without arguments
2026-06-29 18:15:29,032 - ui - DEBUG - Ui Intent Queue length: 1
2026-06-29 18:15:29,048 - ui - INFO - Cleaning ui_state due to event transition
2026-06-29 18:15:29,048 - ui - DEBUG - Invalidating UI Cache
2026-06-29 18:15:29,048 - ui - DEBUG - Action blocked: False
2026-06-29 18:15:30,646 - ui - DEBUG - Invalidating UI Cache
2026-06-29 18:15:32,935 - ui - DEBUG - Deciding on BLOCK with argument [[2, 0]]
2026-06-29 18:15:32,935 - ui - DEBUG - Ui Intent Queue length: 1
2026-06-29 18:15:32,948 - ui - INFO - Cleaning ui_state due to event transition
2026-06-29 18:15:32,948 - ui - DEBUG - Invalidating UI Cache
2026-06-29 18:15:32,948 - ui - DEBUG - Action blocked: False
2026-06-29 18:15:41,978 - ui - DEBUG - Invalidating UI Cache
2026-06-29 18:15:44,280 - ui - DEBUG - Deciding on ActionData.PASS without arguments
2026-06-29 18:15:44,280 - ui - DEBUG - Ui Intent Queue length: 1
2026-06-29 18:15:44,293 - ui - INFO - Cleaning ui_state due to event transition
2026-06-29 18:15:44,293 - ui - DEBUG - Invalidating UI Cache
2026-06-29 18:15:44,293 - ui - DEBUG - Action blocked: False
2026-06-29 18:15:44,960 - ui - DEBUG - Invalidating UI Cache
2026-06-29 18:15:47,280 - ui - DEBUG - Caching argument [0]
2026-06-29 18:15:48,300 - ui - DEBUG - Caching argument [1]
2026-06-29 18:15:49,767 - ui - DEBUG - Deciding on ATTACK with argument [[0], [1]]
2026-06-29 18:15:49,767 - ui - DEBUG - Ui Intent Queue length: 1
2026-06-29 18:15:49,778 - ui - INFO - Cleaning ui_state due to event transition
2026-06-29 18:15:49,778 - ui - DEBUG - Invalidating UI Cache
2026-06-29 18:15:49,778 - ui - DEBUG - Action blocked: False
